=== RUN   TestMassCTLifecycle
Retrying creation of container (attempt 1/31)
Retrying creation of container (attempt 1/31)
Retrying creation of container (attempt 1/31)
Retrying creation of container (attempt 1/31)
Retrying creation of container (attempt 1/31)
Retrying creation of container (attempt 1/31)
Retrying creation of container (attempt 1/31)
Retrying creation of container (attempt 1/31)
Retrying creation of container (attempt 1/31)
Retrying creation of container (attempt 1/31)
Retrying creation of container (attempt 1/31)
Retrying creation of container (attempt 1/31)
Retrying creation of container (attempt 1/31)
Retrying creation of container (attempt 1/31)
Retrying creation of container (attempt 1/31)
Retrying creation of container (attempt 1/31)
Retrying creation of container (attempt 1/31)
Retrying creation of container (attempt 1/31)
Retrying creation of container (attempt 1/31)
Retrying creation of container (attempt 1/31)
Retrying creation of container (attempt 1/31)
Retrying creation of container (attempt 1/31)
Retrying creation of container (attempt 1/31)
Retrying creation of container (attempt 1/31)
Retrying creation of container (attempt 1/31)
Retrying creation of container (attempt 1/31)
Retrying creation of container (attempt 1/31)
Retrying creation of container (attempt 1/31)
Retrying creation of container (attempt 1/31)
Retrying creation of container (attempt 1/31)
Retrying creation of container (attempt 1/31)
Retrying creation of container (attempt 1/31)
Retrying creation of container (attempt 1/31)
Retrying creation of container (attempt 1/31)
Retrying creation of container (attempt 1/31)
Retrying creation of container (attempt 1/31)
Retrying creation of container (attempt 1/31)
Retrying creation of container (attempt 1/31)
Retrying creation of container (attempt 1/31)
Retrying creation of container (attempt 1/31)
Retrying creation of container (attempt 1/31)
Retrying creation of container (attempt 1/31)
Retrying creation of container (attempt 1/31)
Retrying creation of container (attempt 1/31)
Retrying creation of container (attempt 1/31)
Retrying creation of container (attempt 1/31)
Retrying creation of container (attempt 1/31)
Retrying creation of container (attempt 1/31)
Retrying creation of container (attempt 1/31)
Retrying creation of container (attempt 1/31)
Retrying creation of container (attempt 1/31)
Retrying creation of container (attempt 1/31)
Retrying creation of container (attempt 1/31)
Retrying creation of container (attempt 1/31)
Retrying creation of container (attempt 1/31)
Retrying creation of container (attempt 1/31)
Retrying creation of container (attempt 1/31)
Retrying creation of container (attempt 1/31)
Retrying creation of container (attempt 1/31)
Retrying creation of container (attempt 1/31)
Retrying creation of container (attempt 1/31)
Retrying creation of container (attempt 1/31)
Retrying creation of container (attempt 1/31)
Retrying creation of container (attempt 1/31)
Retrying creation of container (attempt 1/31)
Retrying creation of container (attempt 1/31)
Retrying creation of container (attempt 1/31)
Retrying creation of container (attempt 1/31)
Retrying creation of container (attempt 1/31)
Retrying creation of container (attempt 1/31)
Retrying creation of container (attempt 1/31)
Retrying creation of container (attempt 1/31)
Retrying creation of container (attempt 1/31)
Retrying creation of container (attempt 1/31)
Retrying creation of container (attempt 1/31)
Retrying creation of container (attempt 1/31)
Retrying creation of container (attempt 1/31)
Retrying creation of container (attempt 1/31)
Retrying creation of container (attempt 1/31)
Retrying creation of container (attempt 1/31)
Retrying creation of container (attempt 1/31)
Retrying creation of container (attempt 1/31)
Retrying creation of container (attempt 1/31)
Retrying creation of container (attempt 1/31)
Retrying creation of container (attempt 1/31)
Retrying creation of container (attempt 1/31)
Retrying creation of container (attempt 1/31)
Retrying creation of container (attempt 1/31)
Retrying creation of container (attempt 1/31)
Retrying creation of container (attempt 1/31)
Retrying creation of container (attempt 1/31)
Retrying creation of container (attempt 1/31)
Retrying creation of container (attempt 1/31)
Retrying creation of container (attempt 1/31)
Retrying creation of container (attempt 1/31)
Retrying creation of container (attempt 1/31)
Retrying creation of container (attempt 1/31)
Retrying creation of container (attempt 1/31)
Retrying creation of container (attempt 1/31)
Retrying creation of container (attempt 1/31)
Retrying creation of container (attempt 1/31)
Retrying creation of container (attempt 1/31)
Retrying creation of container (attempt 1/31)
Retrying creation of container (attempt 1/31)
Retrying creation of container (attempt 1/31)
Retrying creation of container (attempt 1/31)
Retrying creation of container (attempt 1/31)
Retrying creation of container (attempt 1/31)
Retrying creation of container (attempt 1/31)
Retrying creation of container (attempt 1/31)
Retrying creation of container (attempt 1/31)
Retrying creation of container (attempt 1/31)
Retrying creation of container (attempt 1/31)
Retrying creation of container (attempt 1/31)
Retrying creation of container (attempt 1/31)
Retrying creation of container (attempt 1/31)
Retrying creation of container (attempt 1/31)
Retrying creation of container (attempt 1/31)
Retrying creation of container (attempt 1/31)
Retrying creation of container (attempt 1/31)
Retrying creation of container (attempt 1/31)
Retrying creation of container (attempt 1/31)
Retrying creation of container (attempt 2/31)
Retrying creation of container (attempt 1/31)
Retrying creation of container (attempt 1/31)
Retrying creation of container (attempt 1/31)
Retrying creation of container (attempt 1/31)
Retrying creation of container (attempt 1/31)
Retrying creation of container (attempt 1/31)
Retrying creation of container (attempt 1/31)
Retrying creation of container (attempt 1/31)
Retrying creation of container (attempt 1/31)
Retrying creation of container (attempt 1/31)
Retrying creation of container (attempt 1/31)
Retrying creation of container (attempt 1/31)
Retrying creation of container (attempt 1/31)
Retrying creation of container (attempt 1/31)
Retrying creation of container (attempt 1/31)
Retrying creation of container (attempt 1/31)
Retrying creation of container (attempt 1/31)
Retrying creation of container (attempt 2/31)
Retrying creation of container (attempt 1/31)
Retrying creation of container (attempt 1/31)
Retrying creation of container (attempt 1/31)
Retrying creation of container (attempt 1/31)
Retrying creation of container (attempt 1/31)
Retrying creation of container (attempt 1/31)
Retrying creation of container (attempt 1/31)
Retrying creation of container (attempt 1/31)
Retrying creation of container (attempt 1/31)
Retrying creation of container (attempt 1/31)
Retrying creation of container (attempt 1/31)
Retrying creation of container (attempt 1/31)
Retrying creation of container (attempt 1/31)
Retrying creation of container (attempt 1/31)
Retrying creation of container (attempt 1/31)
Retrying creation of container (attempt 1/31)
Retrying creation of container (attempt 1/31)
Retrying creation of container (attempt 1/31)
Retrying creation of container (attempt 1/31)
Retrying creation of container (attempt 1/31)
Retrying creation of container (attempt 1/31)
Retrying creation of container (attempt 2/31)
Retrying creation of container (attempt 1/31)
Retrying creation of container (attempt 2/31)
Retrying creation of container (attempt 2/31)
Retrying creation of container (attempt 2/31)
Retrying creation of container (attempt 2/31)
Retrying creation of container (attempt 1/31)
Retrying creation of container (attempt 1/31)
Retrying creation of container (attempt 2/31)
Retrying creation of container (attempt 1/31)
Retrying creation of container (attempt 2/31)
Retrying creation of container (attempt 1/31)
Retrying creation of container (attempt 2/31)
Retrying creation of container (attempt 2/31)
Retrying creation of container (attempt 2/31)
Retrying creation of container (attempt 2/31)
Retrying creation of container (attempt 2/31)
Retrying creation of container (attempt 2/31)
Retrying creation of container (attempt 2/31)
Retrying creation of container (attempt 2/31)
Retrying creation of container (attempt 2/31)
Retrying creation of container (attempt 1/31)
Retrying creation of container (attempt 1/31)
Retrying creation of container (attempt 1/31)
Retrying creation of container (attempt 1/31)
Retrying creation of container (attempt 1/31)
Retrying creation of container (attempt 1/31)
Retrying creation of container (attempt 2/31)
Retrying creation of container (attempt 2/31)
Retrying creation of container (attempt 2/31)
Retrying creation of container (attempt 2/31)
Retrying creation of container (attempt 2/31)
Retrying creation of container (attempt 2/31)
Retrying creation of container (attempt 1/31)
Retrying creation of container (attempt 1/31)
Retrying creation of container (attempt 2/31)
Retrying creation of container (attempt 2/31)
Retrying creation of container (attempt 2/31)
Retrying creation of container (attempt 2/31)
Retrying creation of container (attempt 2/31)
Retrying creation of container (attempt 2/31)
Retrying creation of container (attempt 2/31)
Retrying creation of container (attempt 1/31)
Retrying creation of container (attempt 2/31)
Retrying creation of container (attempt 1/31)
Retrying creation of container (attempt 2/31)
Retrying creation of container (attempt 1/31)
Retrying creation of container (attempt 1/31)
Retrying creation of container (attempt 1/31)
Retrying creation of container (attempt 1/31)
Retrying creation of container (attempt 2/31)
Retrying creation of container (attempt 2/31)
Retrying creation of container (attempt 2/31)
Retrying creation of container (attempt 2/31)
Retrying creation of container (attempt 2/31)
Retrying creation of container (attempt 2/31)
Retrying creation of container (attempt 2/31)
Retrying creation of container (attempt 1/31)
Retrying creation of container (attempt 1/31)
Retrying creation of container (attempt 2/31)
Retrying creation of container (attempt 2/31)
Retrying creation of container (attempt 2/31)
Retrying creation of container (attempt 2/31)
Retrying creation of container (attempt 2/31)
Retrying creation of container (attempt 2/31)
Retrying creation of container (attempt 2/31)
Retrying creation of container (attempt 2/31)
Retrying creation of container (attempt 2/31)
Retrying creation of container (attempt 2/31)
Retrying creation of container (attempt 2/31)
Retrying creation of container (attempt 2/31)
Retrying creation of container (attempt 2/31)
Retrying creation of container (attempt 2/31)
Retrying creation of container (attempt 2/31)
Retrying creation of container (attempt 2/31)
Retrying creation of container (attempt 2/31)
Retrying creation of container (attempt 2/31)
Retrying creation of container (attempt 2/31)
Retrying creation of container (attempt 2/31)
Retrying creation of container (attempt 2/31)
Retrying creation of container (attempt 2/31)
Retrying creation of container (attempt 2/31)
Retrying creation of container (attempt 2/31)
Retrying creation of container (attempt 2/31)
Retrying creation of container (attempt 2/31)
Retrying creation of container (attempt 2/31)
Retrying creation of container (attempt 2/31)
Retrying creation of container (attempt 2/31)
Retrying creation of container (attempt 2/31)
Retrying creation of container (attempt 2/31)
Retrying creation of container (attempt 2/31)
Retrying creation of container (attempt 2/31)
Retrying creation of container (attempt 2/31)
Retrying creation of container (attempt 2/31)
Retrying creation of container (attempt 2/31)
Retrying creation of container (attempt 2/31)
Retrying creation of container (attempt 2/31)
Retrying creation of container (attempt 2/31)
Retrying creation of container (attempt 2/31)
Retrying creation of container (attempt 2/31)
Retrying creation of container (attempt 2/31)
Retrying creation of container (attempt 2/31)
Retrying creation of container (attempt 2/31)
Retrying creation of container (attempt 2/31)
Retrying creation of container (attempt 2/31)
Retrying creation of container (attempt 2/31)
Retrying creation of container (attempt 2/31)
Retrying creation of container (attempt 2/31)
Retrying creation of container (attempt 2/31)
Retrying creation of container (attempt 2/31)
Retrying creation of container (attempt 2/31)
Retrying creation of container (attempt 2/31)
Retrying creation of container (attempt 2/31)
Retrying creation of container (attempt 2/31)
Retrying creation of container (attempt 2/31)
Retrying creation of container (attempt 2/31)
Retrying creation of container (attempt 2/31)
Retrying creation of container (attempt 2/31)
Retrying creation of container (attempt 2/31)
Retrying creation of container (attempt 2/31)
Retrying creation of container (attempt 2/31)
Retrying creation of container (attempt 2/31)
Retrying creation of container (attempt 2/31)
Retrying creation of container (attempt 2/31)
Retrying creation of container (attempt 2/31)
Retrying creation of container (attempt 2/31)
Retrying creation of container (attempt 2/31)
Retrying creation of container (attempt 2/31)
Retrying creation of container (attempt 2/31)
Retrying creation of container (attempt 2/31)
Retrying creation of container (attempt 2/31)
Retrying creation of container (attempt 2/31)
Retrying creation of container (attempt 2/31)
Retrying creation of container (attempt 2/31)
Retrying creation of container (attempt 2/31)
Retrying creation of container (attempt 2/31)
Retrying creation of container (attempt 2/31)
Retrying creation of container (attempt 2/31)
Retrying creation of container (attempt 2/31)
Retrying creation of container (attempt 2/31)
Retrying creation of container (attempt 2/31)
Retrying creation of container (attempt 2/31)
Retrying creation of container (attempt 2/31)
Retrying creation of container (attempt 2/31)
Retrying creation of container (attempt 2/31)
Retrying creation of container (attempt 2/31)
Retrying creation of container (attempt 2/31)
Retrying creation of container (attempt 2/31)
Retrying creation of container (attempt 2/31)
Retrying creation of container (attempt 2/31)
Retrying creation of container (attempt 2/31)
Retrying creation of container (attempt 2/31)
Retrying creation of container (attempt 2/31)
Retrying creation of container (attempt 3/31)
Retrying creation of container (attempt 2/31)
Retrying creation of container (attempt 2/31)
Retrying creation of container (attempt 2/31)
Retrying creation of container (attempt 2/31)
Retrying creation of container (attempt 2/31)
Retrying creation of container (attempt 2/31)
Retrying creation of container (attempt 2/31)
Retrying creation of container (attempt 3/31)
Retrying creation of container (attempt 2/31)
Retrying creation of container (attempt 2/31)
Retrying creation of container (attempt 2/31)
Retrying creation of container (attempt 2/31)
Retrying creation of container (attempt 2/31)
Retrying creation of container (attempt 2/31)
Retrying creation of container (attempt 2/31)
Retrying creation of container (attempt 3/31)
Retrying creation of container (attempt 3/31)
Retrying creation of container (attempt 1/31)
Retrying creation of container (attempt 3/31)
Retrying creation of container (attempt 3/31)
Retrying creation of container (attempt 3/31)
Retrying creation of container (attempt 3/31)
Retrying creation of container (attempt 3/31)
Retrying creation of container (attempt 3/31)
Retrying creation of container (attempt 3/31)
Retrying creation of container (attempt 3/31)
Retrying creation of container (attempt 3/31)
Retrying creation of container (attempt 3/31)
Retrying creation of container (attempt 3/31)
Retrying creation of container (attempt 1/31)
Retrying creation of container (attempt 1/31)
Retrying creation of container (attempt 3/31)
Retrying creation of container (attempt 3/31)
Retrying creation of container (attempt 3/31)
Retrying creation of container (attempt 3/31)
Retrying creation of container (attempt 3/31)
Retrying creation of container (attempt 3/31)
Retrying creation of container (attempt 3/31)
Retrying creation of container (attempt 3/31)
Retrying creation of container (attempt 3/31)
Retrying creation of container (attempt 3/31)
Retrying creation of container (attempt 3/31)
Retrying creation of container (attempt 1/31)
Retrying creation of container (attempt 3/31)
Retrying creation of container (attempt 3/31)
Retrying creation of container (attempt 3/31)
Retrying creation of container (attempt 3/31)
Retrying creation of container (attempt 3/31)
Retrying creation of container (attempt 3/31)
Retrying creation of container (attempt 3/31)
Retrying creation of container (attempt 3/31)
Retrying creation of container (attempt 1/31)
Retrying creation of container (attempt 1/31)
Retrying creation of container (attempt 2/31)
Retrying creation of container (attempt 2/31)
Retrying creation of container (attempt 3/31)
Retrying creation of container (attempt 3/31)
Retrying creation of container (attempt 3/31)
Retrying creation of container (attempt 3/31)
Retrying creation of container (attempt 3/31)
Retrying creation of container (attempt 3/31)
Retrying creation of container (attempt 3/31)
Retrying creation of container (attempt 3/31)
Retrying creation of container (attempt 3/31)
Retrying creation of container (attempt 3/31)
Retrying creation of container (attempt 3/31)
Retrying creation of container (attempt 3/31)
Retrying creation of container (attempt 3/31)
Retrying creation of container (attempt 3/31)
Retrying creation of container (attempt 3/31)
Retrying creation of container (attempt 3/31)
Retrying creation of container (attempt 3/31)
Retrying creation of container (attempt 3/31)
Retrying creation of container (attempt 3/31)
Retrying creation of container (attempt 2/31)
Retrying creation of container (attempt 3/31)
Retrying creation of container (attempt 3/31)
Retrying creation of container (attempt 3/31)
Retrying creation of container (attempt 3/31)
Retrying creation of container (attempt 3/31)
Retrying creation of container (attempt 3/31)
Retrying creation of container (attempt 3/31)
Retrying creation of container (attempt 3/31)
Retrying creation of container (attempt 3/31)
Retrying creation of container (attempt 3/31)
Retrying creation of container (attempt 3/31)
Retrying creation of container (attempt 3/31)
Retrying creation of container (attempt 3/31)
Retrying creation of container (attempt 3/31)
Retrying creation of container (attempt 3/31)
Retrying creation of container (attempt 2/31)
Retrying creation of container (attempt 3/31)
Retrying creation of container (attempt 3/31)
Retrying creation of container (attempt 3/31)
Retrying creation of container (attempt 3/31)
Retrying creation of container (attempt 3/31)
Retrying creation of container (attempt 3/31)
Retrying creation of container (attempt 3/31)
Retrying creation of container (attempt 3/31)
Retrying creation of container (attempt 3/31)
Retrying creation of container (attempt 3/31)
Retrying creation of container (attempt 3/31)
Retrying creation of container (attempt 3/31)
Retrying creation of container (attempt 3/31)
Retrying creation of container (attempt 3/31)
Retrying creation of container (attempt 3/31)
Retrying creation of container (attempt 3/31)
Retrying creation of container (attempt 3/31)
Retrying creation of container (attempt 3/31)
Retrying creation of container (attempt 3/31)
Retrying creation of container (attempt 3/31)
Retrying creation of container (attempt 3/31)
Retrying creation of container (attempt 3/31)
Retrying creation of container (attempt 3/31)
Retrying creation of container (attempt 3/31)
Retrying creation of container (attempt 2/31)
Retrying creation of container (attempt 3/31)
Retrying creation of container (attempt 3/31)
Retrying creation of container (attempt 3/31)
Retrying creation of container (attempt 3/31)
Retrying creation of container (attempt 3/31)
Retrying creation of container (attempt 3/31)
Retrying creation of container (attempt 3/31)
Retrying creation of container (attempt 3/31)
Retrying creation of container (attempt 3/31)
Retrying creation of container (attempt 3/31)
Retrying creation of container (attempt 3/31)
Retrying creation of container (attempt 3/31)
Retrying creation of container (attempt 3/31)
Retrying creation of container (attempt 4/31)
Retrying creation of container (attempt 4/31)
Retrying creation of container (attempt 4/31)
Retrying creation of container (attempt 4/31)
Retrying creation of container (attempt 4/31)
Retrying creation of container (attempt 4/31)
Retrying creation of container (attempt 4/31)
Retrying creation of container (attempt 4/31)
Retrying creation of container (attempt 4/31)
Retrying creation of container (attempt 4/31)
Retrying creation of container (attempt 4/31)
Retrying creation of container (attempt 4/31)
Retrying creation of container (attempt 4/31)
Retrying creation of container (attempt 4/31)
Retrying creation of container (attempt 1/31)
Retrying creation of container (attempt 1/31)
Retrying creation of container (attempt 1/31)
Retrying creation of container (attempt 1/31)
Retrying creation of container (attempt 4/31)
Retrying creation of container (attempt 4/31)
Retrying creation of container (attempt 4/31)
Retrying creation of container (attempt 4/31)
Retrying creation of container (attempt 4/31)
Retrying creation of container (attempt 4/31)
Retrying creation of container (attempt 4/31)
Retrying creation of container (attempt 4/31)
Retrying creation of container (attempt 4/31)
Retrying creation of container (attempt 4/31)
Retrying creation of container (attempt 4/31)
Retrying creation of container (attempt 4/31)
Retrying creation of container (attempt 4/31)
Retrying creation of container (attempt 4/31)
Retrying creation of container (attempt 4/31)
Retrying creation of container (attempt 2/31)
Retrying creation of container (attempt 2/31)
Retrying creation of container (attempt 2/31)
Retrying creation of container (attempt 2/31)
Retrying creation of container (attempt 2/31)
Retrying creation of container (attempt 4/31)
Retrying creation of container (attempt 4/31)
Retrying creation of container (attempt 4/31)
Retrying creation of container (attempt 4/31)
Retrying creation of container (attempt 4/31)
Retrying creation of container (attempt 4/31)
Retrying creation of container (attempt 2/31)
Retrying creation of container (attempt 3/31)
Retrying creation of container (attempt 3/31)
Retrying creation of container (attempt 3/31)
Retrying creation of container (attempt 3/31)
Retrying creation of container (attempt 3/31)
Retrying creation of container (attempt 3/31)
Retrying creation of container (attempt 4/31)
Retrying creation of container (attempt 4/31)
Retrying creation of container (attempt 3/31)
Retrying creation of container (attempt 4/31)
Retrying creation of container (attempt 3/31)
Retrying creation of container (attempt 3/31)
Retrying creation of container (attempt 4/31)
Retrying creation of container (attempt 3/31)
Retrying creation of container (attempt 3/31)
Retrying creation of container (attempt 3/31)
Retrying creation of container (attempt 3/31)
Retrying creation of container (attempt 3/31)
Retrying creation of container (attempt 4/31)
Retrying creation of container (attempt 3/31)
Retrying creation of container (attempt 3/31)
Retrying creation of container (attempt 3/31)
Retrying creation of container (attempt 2/31)
Retrying creation of container (attempt 3/31)
Retrying creation of container (attempt 2/31)
Retrying creation of container (attempt 3/31)
Retrying creation of container (attempt 3/31)
Retrying creation of container (attempt 3/31)
Retrying creation of container (attempt 4/31)
Retrying creation of container (attempt 2/31)
Retrying creation of container (attempt 3/31)
Retrying creation of container (attempt 4/31)
Retrying creation of container (attempt 4/31)
Retrying creation of container (attempt 4/31)
Retrying creation of container (attempt 4/31)
Retrying creation of container (attempt 4/31)
Retrying creation of container (attempt 4/31)
Retrying creation of container (attempt 4/31)
Retrying creation of container (attempt 4/31)
Retrying creation of container (attempt 4/31)
Retrying creation of container (attempt 4/31)
Retrying creation of container (attempt 4/31)
Retrying creation of container (attempt 4/31)
Retrying creation of container (attempt 4/31)
Retrying creation of container (attempt 4/31)
Retrying creation of container (attempt 4/31)
Retrying creation of container (attempt 4/31)
Retrying creation of container (attempt 4/31)
Retrying creation of container (attempt 4/31)
Retrying creation of container (attempt 4/31)
Retrying creation of container (attempt 4/31)
Retrying creation of container (attempt 2/31)
Retrying creation of container (attempt 4/31)
Retrying creation of container (attempt 4/31)
Retrying creation of container (attempt 4/31)
Retrying creation of container (attempt 4/31)
Retrying creation of container (attempt 4/31)
Retrying creation of container (attempt 4/31)
Retrying creation of container (attempt 4/31)
Retrying creation of container (attempt 4/31)
Retrying creation of container (attempt 4/31)
Retrying creation of container (attempt 4/31)
Retrying creation of container (attempt 4/31)
Retrying creation of container (attempt 4/31)
Retrying creation of container (attempt 4/31)
Retrying creation of container (attempt 4/31)
Retrying creation of container (attempt 4/31)
Retrying creation of container (attempt 4/31)
Retrying creation of container (attempt 4/31)
Retrying creation of container (attempt 4/31)
Retrying creation of container (attempt 3/31)
Retrying creation of container (attempt 3/31)
Retrying creation of container (attempt 3/31)
Retrying creation of container (attempt 3/31)
Retrying creation of container (attempt 3/31)
Retrying creation of container (attempt 5/31)
Retrying creation of container (attempt 5/31)
Retrying creation of container (attempt 5/31)
Retrying creation of container (attempt 3/31)
Retrying creation of container (attempt 5/31)
Retrying creation of container (attempt 5/31)
Retrying creation of container (attempt 5/31)
Retrying creation of container (attempt 5/31)
Retrying creation of container (attempt 5/31)
Retrying creation of container (attempt 5/31)
Retrying creation of container (attempt 3/31)
Retrying creation of container (attempt 3/31)
Retrying creation of container (attempt 3/31)
Retrying creation of container (attempt 5/31)
Retrying creation of container (attempt 5/31)
Retrying creation of container (attempt 5/31)
Retrying creation of container (attempt 5/31)
Retrying creation of container (attempt 5/31)
Retrying creation of container (attempt 5/31)
Retrying creation of container (attempt 5/31)
Retrying creation of container (attempt 5/31)
Retrying creation of container (attempt 5/31)
Retrying creation of container (attempt 5/31)
Retrying creation of container (attempt 5/31)
Retrying creation of container (attempt 4/31)
Retrying creation of container (attempt 4/31)
Retrying creation of container (attempt 4/31)
Retrying creation of container (attempt 4/31)
Retrying creation of container (attempt 4/31)
Retrying creation of container (attempt 4/31)
Retrying creation of container (attempt 4/31)
Retrying creation of container (attempt 4/31)
Retrying creation of container (attempt 4/31)
Retrying creation of container (attempt 4/31)
Retrying creation of container (attempt 4/31)
Retrying creation of container (attempt 4/31)
Retrying creation of container (attempt 4/31)
Retrying creation of container (attempt 4/31)
Retrying creation of container (attempt 4/31)
Retrying creation of container (attempt 3/31)
Retrying creation of container (attempt 4/31)
Retrying creation of container (attempt 4/31)
Retrying creation of container (attempt 4/31)
Retrying creation of container (attempt 4/31)
Retrying creation of container (attempt 3/31)
Retrying creation of container (attempt 3/31)
Retrying creation of container (attempt 5/31)
Retrying creation of container (attempt 5/31)
Retrying creation of container (attempt 5/31)
Retrying creation of container (attempt 4/31)
Retrying creation of container (attempt 4/31)
Retrying creation of container (attempt 4/31)
Retrying creation of container (attempt 4/31)
Retrying creation of container (attempt 5/31)
Retrying creation of container (attempt 5/31)
Retrying creation of container (attempt 5/31)
Retrying creation of container (attempt 5/31)
Retrying creation of container (attempt 5/31)
Retrying creation of container (attempt 2/31)
Retrying creation of container (attempt 4/31)
Retrying creation of container (attempt 3/31)
Retrying creation of container (attempt 5/31)
Retrying creation of container (attempt 5/31)
Retrying creation of container (attempt 4/31)
Retrying creation of container (attempt 5/31)
Retrying creation of container (attempt 5/31)
Retrying creation of container (attempt 5/31)
Retrying creation of container (attempt 4/31)
Retrying creation of container (attempt 5/31)
Retrying creation of container (attempt 5/31)
Retrying creation of container (attempt 5/31)
Retrying creation of container (attempt 4/31)
Retrying creation of container (attempt 4/31)
Retrying creation of container (attempt 5/31)
Retrying creation of container (attempt 5/31)
Retrying creation of container (attempt 5/31)
Retrying creation of container (attempt 4/31)
Retrying creation of container (attempt 5/31)
Retrying creation of container (attempt 5/31)
Retrying creation of container (attempt 5/31)
Retrying creation of container (attempt 5/31)
Retrying creation of container (attempt 5/31)
Retrying creation of container (attempt 5/31)
Retrying creation of container (attempt 5/31)
Retrying creation of container (attempt 5/31)
Retrying creation of container (attempt 5/31)
Retrying creation of container (attempt 5/31)
Retrying creation of container (attempt 5/31)
Retrying creation of container (attempt 5/31)
Retrying creation of container (attempt 5/31)
Retrying creation of container (attempt 5/31)
Retrying creation of container (attempt 5/31)
Retrying creation of container (attempt 5/31)
Retrying creation of container (attempt 5/31)
Retrying creation of container (attempt 5/31)
Retrying creation of container (attempt 5/31)
Retrying creation of container (attempt 5/31)
Retrying creation of container (attempt 5/31)
Retrying creation of container (attempt 5/31)
Retrying creation of container (attempt 5/31)
Retrying creation of container (attempt 4/31)
Retrying creation of container (attempt 5/31)
Retrying creation of container (attempt 3/31)
Retrying creation of container (attempt 3/31)
Retrying creation of container (attempt 4/31)
Retrying creation of container (attempt 4/31)
Retrying creation of container (attempt 3/31)
Retrying creation of container (attempt 5/31)
Retrying creation of container (attempt 4/31)
Retrying creation of container (attempt 4/31)
Retrying creation of container (attempt 4/31)
Retrying creation of container (attempt 6/31)
Retrying creation of container (attempt 6/31)
Retrying creation of container (attempt 5/31)
Retrying creation of container (attempt 6/31)
Retrying creation of container (attempt 5/31)
Retrying creation of container (attempt 5/31)
Retrying creation of container (attempt 5/31)
Retrying creation of container (attempt 5/31)
Retrying creation of container (attempt 5/31)
Retrying creation of container (attempt 5/31)
Retrying creation of container (attempt 5/31)
Retrying creation of container (attempt 5/31)
Retrying creation of container (attempt 5/31)
Retrying creation of container (attempt 5/31)
Retrying creation of container (attempt 5/31)
Retrying creation of container (attempt 5/31)
Retrying creation of container (attempt 5/31)
Retrying creation of container (attempt 5/31)
Retrying creation of container (attempt 5/31)
Retrying creation of container (attempt 5/31)
Retrying creation of container (attempt 6/31)
Retrying creation of container (attempt 6/31)
Retrying creation of container (attempt 6/31)
Retrying creation of container (attempt 6/31)
Retrying creation of container (attempt 6/31)
Retrying creation of container (attempt 6/31)
Retrying creation of container (attempt 6/31)
Retrying creation of container (attempt 6/31)
Retrying creation of container (attempt 4/31)
Retrying creation of container (attempt 5/31)
Retrying creation of container (attempt 5/31)
Retrying creation of container (attempt 5/31)
Retrying creation of container (attempt 4/31)
Retrying creation of container (attempt 4/31)
Retrying creation of container (attempt 6/31)
Retrying creation of container (attempt 6/31)
Retrying creation of container (attempt 6/31)
Retrying creation of container (attempt 6/31)
Retrying creation of container (attempt 5/31)
Retrying creation of container (attempt 5/31)
Retrying creation of container (attempt 5/31)
Retrying creation of container (attempt 5/31)
Retrying creation of container (attempt 5/31)
Retrying creation of container (attempt 5/31)
Retrying creation of container (attempt 5/31)
Retrying creation of container (attempt 5/31)
Retrying creation of container (attempt 5/31)
Retrying creation of container (attempt 6/31)
Retrying creation of container (attempt 6/31)
Retrying creation of container (attempt 6/31)
Retrying creation of container (attempt 6/31)
Retrying creation of container (attempt 6/31)
Retrying creation of container (attempt 6/31)
Retrying creation of container (attempt 6/31)
Retrying creation of container (attempt 6/31)
Retrying creation of container (attempt 6/31)
Retrying creation of container (attempt 6/31)
Retrying creation of container (attempt 6/31)
Retrying creation of container (attempt 6/31)
Retrying creation of container (attempt 6/31)
Retrying creation of container (attempt 6/31)
Retrying creation of container (attempt 6/31)
Retrying creation of container (attempt 6/31)
Retrying creation of container (attempt 6/31)
Retrying creation of container (attempt 6/31)
Retrying creation of container (attempt 6/31)
Retrying creation of container (attempt 6/31)
Retrying creation of container (attempt 6/31)
Retrying creation of container (attempt 6/31)
Retrying creation of container (attempt 6/31)
Retrying creation of container (attempt 6/31)
Retrying creation of container (attempt 6/31)
Retrying creation of container (attempt 6/31)
Retrying creation of container (attempt 6/31)
Retrying creation of container (attempt 6/31)
Retrying creation of container (attempt 6/31)
Retrying creation of container (attempt 6/31)
Retrying creation of container (attempt 6/31)
Retrying creation of container (attempt 6/31)
Retrying creation of container (attempt 3/31)
Retrying creation of container (attempt 4/31)
Retrying creation of container (attempt 5/31)
Retrying creation of container (attempt 5/31)
Retrying creation of container (attempt 6/31)
Retrying creation of container (attempt 6/31)
Retrying creation of container (attempt 5/31)
Retrying creation of container (attempt 6/31)
Retrying creation of container (attempt 6/31)
Retrying creation of container (attempt 6/31)
Retrying creation of container (attempt 6/31)
Retrying creation of container (attempt 6/31)
Retrying creation of container (attempt 4/31)
Retrying creation of container (attempt 6/31)
Retrying creation of container (attempt 6/31)
Retrying creation of container (attempt 6/31)
Retrying creation of container (attempt 6/31)
Retrying creation of container (attempt 6/31)
Retrying creation of container (attempt 6/31)
Retrying creation of container (attempt 6/31)
Retrying creation of container (attempt 6/31)
Retrying creation of container (attempt 4/31)
Retrying creation of container (attempt 5/31)
Retrying creation of container (attempt 6/31)
Retrying creation of container (attempt 6/31)
Retrying creation of container (attempt 7/31)
Retrying creation of container (attempt 4/31)
Retrying creation of container (attempt 7/31)
Retrying creation of container (attempt 7/31)
Retrying creation of container (attempt 7/31)
Retrying creation of container (attempt 7/31)
Retrying creation of container (attempt 7/31)
Retrying creation of container (attempt 6/31)
Retrying creation of container (attempt 6/31)
Retrying creation of container (attempt 6/31)
Retrying creation of container (attempt 6/31)
Retrying creation of container (attempt 6/31)
Retrying creation of container (attempt 6/31)
Retrying creation of container (attempt 6/31)
Retrying creation of container (attempt 6/31)
Retrying creation of container (attempt 7/31)
Retrying creation of container (attempt 7/31)
Retrying creation of container (attempt 7/31)
Retrying creation of container (attempt 7/31)
Retrying creation of container (attempt 7/31)
Retrying creation of container (attempt 7/31)
Retrying creation of container (attempt 7/31)
Retrying creation of container (attempt 7/31)
Retrying creation of container (attempt 7/31)
Retrying creation of container (attempt 7/31)
Retrying creation of container (attempt 7/31)
Retrying creation of container (attempt 7/31)
Retrying creation of container (attempt 7/31)
Retrying creation of container (attempt 7/31)
Retrying creation of container (attempt 7/31)
Retrying creation of container (attempt 7/31)
Retrying creation of container (attempt 6/31)
Retrying creation of container (attempt 7/31)
Retrying creation of container (attempt 7/31)
Retrying creation of container (attempt 7/31)
Retrying creation of container (attempt 7/31)
Retrying creation of container (attempt 7/31)
Retrying creation of container (attempt 7/31)
Retrying creation of container (attempt 6/31)
Retrying creation of container (attempt 4/31)
Retrying creation of container (attempt 7/31)
Retrying creation of container (attempt 7/31)
Retrying creation of container (attempt 7/31)
Retrying creation of container (attempt 7/31)
Retrying creation of container (attempt 7/31)
Retrying creation of container (attempt 7/31)
Retrying creation of container (attempt 7/31)
Retrying creation of container (attempt 7/31)
Retrying creation of container (attempt 7/31)
Retrying creation of container (attempt 6/31)
Retrying creation of container (attempt 6/31)
Retrying creation of container (attempt 6/31)
Retrying creation of container (attempt 6/31)
Retrying creation of container (attempt 7/31)
Retrying creation of container (attempt 6/31)
Retrying creation of container (attempt 5/31)
Retrying creation of container (attempt 5/31)
Retrying creation of container (attempt 7/31)
Retrying creation of container (attempt 6/31)
Retrying creation of container (attempt 5/31)
Retrying creation of container (attempt 6/31)
Retrying creation of container (attempt 7/31)
Retrying creation of container (attempt 7/31)
Retrying creation of container (attempt 7/31)
Retrying creation of container (attempt 7/31)
Retrying creation of container (attempt 7/31)
Retrying creation of container (attempt 7/31)
Retrying creation of container (attempt 7/31)
Retrying creation of container (attempt 7/31)
Retrying creation of container (attempt 7/31)
Retrying creation of container (attempt 7/31)
Retrying creation of container (attempt 7/31)
Retrying creation of container (attempt 7/31)
Retrying creation of container (attempt 7/31)
Retrying creation of container (attempt 7/31)
Retrying creation of container (attempt 7/31)
Retrying creation of container (attempt 7/31)
Retrying creation of container (attempt 8/31)
Retrying creation of container (attempt 8/31)
Retrying creation of container (attempt 8/31)
Retrying creation of container (attempt 8/31)
Retrying creation of container (attempt 8/31)
Retrying creation of container (attempt 7/31)
Retrying creation of container (attempt 7/31)
Retrying creation of container (attempt 7/31)
Retrying creation of container (attempt 7/31)
Retrying creation of container (attempt 8/31)
Retrying creation of container (attempt 8/31)
Retrying creation of container (attempt 8/31)
Retrying creation of container (attempt 8/31)
Retrying creation of container (attempt 8/31)
Retrying creation of container (attempt 8/31)
Retrying creation of container (attempt 8/31)
Retrying creation of container (attempt 8/31)
Retrying creation of container (attempt 8/31)
Retrying creation of container (attempt 8/31)
Retrying creation of container (attempt 8/31)
Retrying creation of container (attempt 8/31)
Retrying creation of container (attempt 8/31)
Retrying creation of container (attempt 8/31)
Retrying creation of container (attempt 8/31)
Retrying creation of container (attempt 8/31)
Retrying creation of container (attempt 8/31)
Retrying creation of container (attempt 8/31)
Retrying creation of container (attempt 8/31)
Retrying creation of container (attempt 8/31)
Retrying creation of container (attempt 8/31)
Retrying creation of container (attempt 8/31)
Retrying creation of container (attempt 8/31)
Retrying creation of container (attempt 8/31)
Retrying creation of container (attempt 8/31)
Retrying creation of container (attempt 8/31)
Retrying creation of container (attempt 8/31)
Retrying creation of container (attempt 7/31)
Retrying creation of container (attempt 8/31)
Retrying creation of container (attempt 7/31)
Retrying creation of container (attempt 8/31)
Retrying creation of container (attempt 8/31)
Retrying creation of container (attempt 8/31)
Retrying creation of container (attempt 8/31)
Retrying creation of container (attempt 8/31)
Retrying creation of container (attempt 8/31)
Retrying creation of container (attempt 8/31)
Retrying creation of container (attempt 7/31)
Retrying creation of container (attempt 8/31)
Retrying creation of container (attempt 8/31)
Retrying creation of container (attempt 7/31)
Retrying creation of container (attempt 8/31)
Retrying creation of container (attempt 8/31)
Retrying creation of container (attempt 9/31)
Retrying creation of container (attempt 9/31)
Retrying creation of container (attempt 8/31)
Retrying creation of container (attempt 8/31)
Retrying creation of container (attempt 9/31)
Retrying creation of container (attempt 9/31)
Retrying creation of container (attempt 9/31)
Retrying creation of container (attempt 9/31)
Retrying creation of container (attempt 9/31)
Retrying creation of container (attempt 9/31)
Retrying creation of container (attempt 9/31)
Retrying creation of container (attempt 9/31)
Retrying creation of container (attempt 9/31)
Retrying creation of container (attempt 9/31)
Retrying creation of container (attempt 9/31)
Retrying creation of container (attempt 9/31)
Retrying creation of container (attempt 9/31)
Retrying creation of container (attempt 9/31)
Retrying creation of container (attempt 9/31)
Retrying creation of container (attempt 9/31)
Retrying creation of container (attempt 9/31)
Retrying creation of container (attempt 9/31)
Retrying creation of container (attempt 9/31)
Retrying creation of container (attempt 9/31)
Retrying creation of container (attempt 9/31)
Retrying creation of container (attempt 9/31)
Retrying creation of container (attempt 9/31)
Retrying creation of container (attempt 9/31)
Retrying creation of container (attempt 9/31)
Retrying creation of container (attempt 9/31)
Retrying creation of container (attempt 9/31)
Retrying creation of container (attempt 9/31)
Retrying creation of container (attempt 9/31)
Retrying creation of container (attempt 9/31)
Retrying creation of container (attempt 9/31)
Retrying creation of container (attempt 9/31)
Retrying creation of container (attempt 10/31)
Retrying creation of container (attempt 10/31)
Retrying creation of container (attempt 10/31)
Retrying creation of container (attempt 10/31)
Retrying creation of container (attempt 10/31)
Retrying creation of container (attempt 10/31)
Retrying creation of container (attempt 10/31)
Retrying creation of container (attempt 10/31)
Retrying creation of container (attempt 10/31)
Retrying creation of container (attempt 10/31)
Retrying creation of container (attempt 10/31)
Retrying creation of container (attempt 10/31)
Retrying creation of container (attempt 10/31)
Retrying creation of container (attempt 10/31)
Retrying creation of container (attempt 10/31)
Retrying creation of container (attempt 10/31)
Retrying creation of container (attempt 10/31)
Retrying creation of container (attempt 10/31)
Retrying creation of container (attempt 10/31)
Retrying creation of container (attempt 10/31)
Retrying creation of container (attempt 10/31)
Retrying creation of container (attempt 10/31)
Retrying creation of container (attempt 10/31)
Retrying creation of container (attempt 10/31)
Retrying creation of container (attempt 10/31)
Retrying creation of container (attempt 11/31)
Retrying creation of container (attempt 11/31)
Retrying creation of container (attempt 11/31)
Retrying creation of container (attempt 11/31)
Retrying creation of container (attempt 11/31)
Retrying creation of container (attempt 11/31)
Retrying creation of container (attempt 11/31)
Retrying creation of container (attempt 11/31)
Retrying creation of container (attempt 11/31)
Retrying creation of container (attempt 11/31)
Retrying creation of container (attempt 11/31)
Retrying creation of container (attempt 11/31)
Retrying creation of container (attempt 11/31)
Retrying creation of container (attempt 11/31)
Retrying creation of container (attempt 11/31)
Retrying creation of container (attempt 11/31)
Retrying creation of container (attempt 11/31)
Retrying creation of container (attempt 11/31)
Retrying creation of container (attempt 12/31)
Retrying creation of container (attempt 12/31)
Retrying creation of container (attempt 12/31)
Retrying creation of container (attempt 12/31)
Retrying creation of container (attempt 12/31)
Retrying creation of container (attempt 12/31)
Retrying creation of container (attempt 12/31)
Retrying creation of container (attempt 12/31)
Retrying creation of container (attempt 12/31)
Retrying creation of container (attempt 12/31)
Retrying creation of container (attempt 12/31)
Retrying creation of container (attempt 12/31)
Retrying creation of container (attempt 13/31)
Retrying creation of container (attempt 13/31)
Retrying creation of container (attempt 13/31)
Retrying creation of container (attempt 13/31)
Retrying creation of container (attempt 13/31)
Retrying creation of container (attempt 13/31)
Retrying creation of container (attempt 13/31)
Retrying creation of container (attempt 13/31)
Retrying creation of container (attempt 13/31)
Retrying creation of container (attempt 14/31)
Retrying creation of container (attempt 14/31)
Retrying creation of container (attempt 14/31)
Retrying creation of container (attempt 14/31)
Retrying creation of container (attempt 14/31)
Retrying creation of container (attempt 14/31)
Retrying creation of container (attempt 14/31)
Retrying creation of container (attempt 15/31)
Retrying creation of container (attempt 15/31)
Retrying creation of container (attempt 15/31)
Retrying creation of container (attempt 15/31)
Retrying creation of container (attempt 15/31)
Retrying creation of container (attempt 16/31)
Retrying creation of container (attempt 16/31)
Retrying creation of container (attempt 16/31)
Retrying creation of container (attempt 17/31)
Retrying creation of container (attempt 17/31)
Retrying creation of container (attempt 18/31)
Action on container 321 failed: 500 got no worker upid - start worker failed. Retrying (1/10)...
Action on container 179 failed: 500 CT 179 already running. Retrying (1/10)...
Action on container 108 failed: 500 got no worker upid - start worker failed. Retrying (1/10)...
Action on container 170 failed: 500 CT 170 already running. Retrying (1/10)...
Action on container 252 failed: 500 got no worker upid - start worker failed. Retrying (1/10)...
Action on container 106 failed: 500 got no worker upid - start worker failed. Retrying (1/10)...
Action on container 122 failed: 500 CT 122 already running. Retrying (1/10)...
Action on container 120 failed: 500 CT 120 already running. Retrying (1/10)...
Action on container 109 failed: 500 CT 109 already running. Retrying (1/10)...
Action on container 210 failed: 500 CT 210 already running. Retrying (1/10)...
Action on container 113 failed: 500 CT 113 already running. Retrying (1/10)...
Action on container 227 failed: 500 CT 227 already running. Retrying (1/10)...
Action on container 167 failed: 500 CT 167 already running. Retrying (1/10)...
Action on container 182 failed: 500 CT 182 already running. Retrying (1/10)...
Action on container 142 failed: 500 CT 142 already running. Retrying (1/10)...
Action on container 322 failed: 500 got no worker upid - start worker failed. Retrying (1/10)...
Action on container 123 failed: 500 CT 123 already running. Retrying (1/10)...
Action on container 122 failed: 500 CT 122 already running. Retrying (2/10)...
Action on container 120 failed: 500 CT 120 already running. Retrying (2/10)...
Action on container 109 failed: 500 CT 109 already running. Retrying (2/10)...
Action on container 210 failed: 500 CT 210 already running. Retrying (2/10)...
Action on container 170 failed: 500 CT 170 already running. Retrying (2/10)...
Action on container 113 failed: 500 CT 113 already running. Retrying (2/10)...
Action on container 227 failed: 500 CT 227 already running. Retrying (2/10)...
Action on container 182 failed: 500 CT 182 already running. Retrying (2/10)...
Action on container 167 failed: 500 CT 167 already running. Retrying (2/10)...
Action on container 179 failed: 500 CT 179 already running. Retrying (2/10)...
Action on container 142 failed: 500 CT 142 already running. Retrying (2/10)...
Action on container 123 failed: 500 CT 123 already running. Retrying (2/10)...
Action on container 122 failed: 500 CT 122 already running. Retrying (3/10)...
Action on container 120 failed: 500 CT 120 already running. Retrying (3/10)...
Action on container 109 failed: 500 CT 109 already running. Retrying (3/10)...
Action on container 210 failed: 500 CT 210 already running. Retrying (3/10)...
Action on container 170 failed: 500 CT 170 already running. Retrying (3/10)...
Action on container 113 failed: 500 CT 113 already running. Retrying (3/10)...
Action on container 227 failed: 500 CT 227 already running. Retrying (3/10)...
Action on container 182 failed: 500 CT 182 already running. Retrying (3/10)...
Action on container 167 failed: 500 CT 167 already running. Retrying (3/10)...
Action on container 179 failed: 500 CT 179 already running. Retrying (3/10)...
Action on container 142 failed: 500 CT 142 already running. Retrying (3/10)...
Action on container 123 failed: 500 CT 123 already running. Retrying (3/10)...
Action on container 122 failed: 500 CT 122 already running. Retrying (4/10)...
Action on container 120 failed: 500 CT 120 already running. Retrying (4/10)...
Action on container 109 failed: 500 CT 109 already running. Retrying (4/10)...
Action on container 210 failed: 500 CT 210 already running. Retrying (4/10)...
Action on container 170 failed: 500 CT 170 already running. Retrying (4/10)...
Action on container 113 failed: 500 CT 113 already running. Retrying (4/10)...
Action on container 227 failed: 500 CT 227 already running. Retrying (4/10)...
Action on container 167 failed: 500 CT 167 already running. Retrying (4/10)...
Action on container 182 failed: 500 CT 182 already running. Retrying (4/10)...
Action on container 179 failed: 500 CT 179 already running. Retrying (4/10)...
Action on container 142 failed: 500 CT 142 already running. Retrying (4/10)...
Action on container 123 failed: 500 CT 123 already running. Retrying (4/10)...
Action on container 122 failed: 500 CT 122 already running. Retrying (5/10)...
Action on container 120 failed: 500 CT 120 already running. Retrying (5/10)...
Action on container 109 failed: 500 CT 109 already running. Retrying (5/10)...
Action on container 210 failed: 500 CT 210 already running. Retrying (5/10)...
Action on container 170 failed: 500 CT 170 already running. Retrying (5/10)...
Action on container 113 failed: 500 CT 113 already running. Retrying (5/10)...
Action on container 227 failed: 500 CT 227 already running. Retrying (5/10)...
Action on container 167 failed: 500 CT 167 already running. Retrying (5/10)...
Action on container 182 failed: 500 CT 182 already running. Retrying (5/10)...
Action on container 179 failed: 500 CT 179 already running. Retrying (5/10)...
Action on container 142 failed: 500 CT 142 already running. Retrying (5/10)...
Action on container 108 succeeded after 0 retries.
Action on container 106 succeeded after 0 retries.
Action on container 123 failed: 500 CT 123 already running. Retrying (5/10)...
Action on container 322 succeeded after 0 retries.
Action on container 252 succeeded after 0 retries.
Action on container 321 succeeded after 0 retries.
Action on container 122 failed: 500 CT 122 already running. Retrying (6/10)...
Action on container 120 failed: 500 CT 120 already running. Retrying (6/10)...
Action on container 109 failed: 500 CT 109 already running. Retrying (6/10)...
Action on container 210 failed: 500 CT 210 already running. Retrying (6/10)...
Action on container 170 failed: 500 CT 170 already running. Retrying (6/10)...
Action on container 113 failed: 500 CT 113 already running. Retrying (6/10)...
Action on container 227 failed: 500 CT 227 already running. Retrying (6/10)...
Action on container 167 failed: 500 CT 167 already running. Retrying (6/10)...
Action on container 182 failed: 500 CT 182 already running. Retrying (6/10)...
Action on container 179 failed: 500 CT 179 already running. Retrying (6/10)...
Action on container 142 failed: 500 CT 142 already running. Retrying (6/10)...
Action on container 123 failed: 500 CT 123 already running. Retrying (6/10)...
Action on container 122 failed: 500 CT 122 already running. Retrying (7/10)...
Action on container 120 failed: 500 CT 120 already running. Retrying (7/10)...
Action on container 109 failed: 500 CT 109 already running. Retrying (7/10)...
Action on container 210 failed: 500 CT 210 already running. Retrying (7/10)...
Action on container 113 failed: 500 CT 113 already running. Retrying (7/10)...
Action on container 170 succeeded after 5 retries.
Action on container 227 failed: 500 CT 227 already running. Retrying (7/10)...
Action on container 167 failed: 500 CT 167 already running. Retrying (7/10)...
Action on container 179 failed: 500 CT 179 already running. Retrying (7/10)...
Action on container 182 failed: 500 CT 182 already running. Retrying (7/10)...
Action on container 142 failed: 500 CT 142 already running. Retrying (7/10)...
Action on container 123 failed: 500 CT 123 already running. Retrying (7/10)...
Action on container 109 failed: 500 CT 109 already running. Retrying (8/10)...
Action on container 122 succeeded after 6 retries.
Action on container 120 succeeded after 6 retries.
Action on container 210 failed: 500 CT 210 already running. Retrying (8/10)...
Action on container 113 failed: 500 CT 113 already running. Retrying (8/10)...
Action on container 227 failed: 500 CT 227 already running. Retrying (8/10)...
Action on container 167 failed: 500 CT 167 already running. Retrying (8/10)...
Action on container 179 failed: 500 CT 179 already running. Retrying (8/10)...
Action on container 182 failed: 500 CT 182 already running. Retrying (8/10)...
Action on container 142 failed: 500 CT 142 already running. Retrying (8/10)...
Action on container 123 failed: 500 CT 123 already running. Retrying (8/10)...
Action on container 109 failed: 500 CT 109 already running. Retrying (9/10)...
Action on container 210 failed: 500 CT 210 already running. Retrying (9/10)...
Action on container 113 failed: 500 CT 113 already running. Retrying (9/10)...
Action on container 227 failed: 500 CT 227 already running. Retrying (9/10)...
Action on container 167 failed: 500 CT 167 already running. Retrying (9/10)...
Action on container 179 failed: 500 CT 179 already running. Retrying (9/10)...
Action on container 182 failed: 500 CT 182 already running. Retrying (9/10)...
Action on container 142 failed: 500 CT 142 already running. Retrying (9/10)...
Action on container 123 failed: 500 CT 123 already running. Retrying (9/10)...
Action on container 109 failed: 500 CT 109 already running. Retrying (10/10)...
Action on container 210 failed: 500 CT 210 already running. Retrying (10/10)...
Action on container 113 failed: 500 CT 113 already running. Retrying (10/10)...
Action on container 227 failed: 500 CT 227 already running. Retrying (10/10)...
Action on container 167 failed: 500 CT 167 already running. Retrying (10/10)...
Action on container 179 failed: 500 CT 179 already running. Retrying (10/10)...
Action on container 182 failed: 500 CT 182 already running. Retrying (10/10)...
Action on container 142 failed: 500 CT 142 already running. Retrying (10/10)...
Action on container 123 failed: 500 CT 123 already running. Retrying (10/10)...
Action on container 109 failed: 500 CT 109 already running. Retrying (11/10)...
Action on container 210 failed: 500 CT 210 already running. Retrying (11/10)...
Action on container 113 failed: 500 CT 113 already running. Retrying (11/10)...
Action on container 167 failed: 500 CT 167 already running. Retrying (11/10)...
Action on container 227 failed: 500 CT 227 already running. Retrying (11/10)...
Action on container 179 failed: 500 CT 179 already running. Retrying (11/10)...
Action on container 182 failed: 500 CT 182 already running. Retrying (11/10)...
Action on container 142 failed: 500 CT 142 already running. Retrying (11/10)...
Action on container 123 failed: 500 CT 123 already running. Retrying (11/10)...
Action on container 256 failed: 500 got no worker upid - start worker failed. Retrying (1/10)...
    pvect_test.go:442: failed to start container 109: 500 CT 109 already running
    pvect_test.go:442: failed to start container 210: 500 CT 210 already running
    pvect_test.go:442: failed to start container 113: 500 CT 113 already running
    pvect_test.go:442: failed to start container 167: 500 CT 167 already running
    pvect_test.go:442: failed to start container 227: 500 CT 227 already running
    pvect_test.go:442: failed to start container 179: 500 CT 179 already running
    pvect_test.go:442: failed to start container 182: 500 CT 182 already running
    pvect_test.go:442: failed to start container 142: 500 CT 142 already running
    pvect_test.go:442: failed to start container 123: 500 CT 123 already running
Action on container 256 succeeded after 0 retries.
Action on container 311 failed: 500 got no worker upid - start worker failed. Retrying (1/10)...
Action on container 311 succeeded after 0 retries.
    pvect_test.go:458: failed to connect to container 172 via SSH w/ Retries: host not available on 10.224.254.69 within timeout
Action on container 172 failed: 500 CT 172 not running. Retrying (1/10)...
    pvect_test.go:458: failed to connect to container 149 via SSH w/ Retries: host not available on 10.224.254.96 within timeout
Action on container 149 failed: 500 CT 149 not running. Retrying (1/10)...
    pvect_test.go:458: failed to connect to container 168 via SSH w/ Retries: host not available on 10.224.254.129 within timeout
Action on container 168 failed: 500 CT 168 not running. Retrying (1/10)...
    pvect_test.go:458: failed to connect to container 182 via SSH w/ Retries: host not available on 10.224.254.57 within timeout
    pvect_test.go:458: failed to connect to container 182 via SSH w/ Retries: host not available on 10.224.254.139 within timeout
Action on container 182 failed: 500 CT 182 not running. Retrying (1/10)...
    pvect_test.go:458: failed to connect to container 113 via SSH w/ Retries: host not available on 10.224.254.10 within timeout
Action on container 182 failed: 500 CT 182 not running. Retrying (1/10)...
Action on container 113 failed: 500 CT 113 not running. Retrying (1/10)...
    pvect_test.go:458: failed to connect to container 209 via SSH w/ Retries: host not available on 10.224.254.30 within timeout
Action on container 209 failed: 500 CT 209 not running. Retrying (1/10)...
    pvect_test.go:458: failed to connect to container 167 via SSH w/ Retries: host not available on 10.224.254.198 within timeout
Action on container 167 failed: 500 CT 167 not running. Retrying (1/10)...
    pvect_test.go:458: failed to connect to container 210 via SSH w/ Retries: host not available on 10.224.254.163 within timeout
Action on container 210 failed: 500 CT 210 not running. Retrying (1/10)...
    pvect_test.go:458: failed to connect to container 109 via SSH w/ Retries: host not available on 10.224.254.6 within timeout
Action on container 109 failed: 500 CT 109 not running. Retrying (1/10)...
    pvect_test.go:458: failed to connect to container 215 via SSH w/ Retries: host not available on 10.224.254.103 within timeout
Action on container 215 failed: 500 CT 215 not running. Retrying (1/10)...
    pvect_test.go:458: failed to connect to container 123 via SSH w/ Retries: host not available on 10.224.254.20 within timeout
    pvect_test.go:458: failed to connect to container 179 via SSH w/ Retries: host not available on 10.224.254.202 within timeout
Action on container 123 failed: 500 CT 123 not running. Retrying (1/10)...
Action on container 179 failed: 500 CT 179 not running. Retrying (1/10)...
    pvect_test.go:458: failed to connect to container 177 via SSH w/ Retries: host not available on 10.224.254.22 within timeout
Action on container 177 failed: 500 CT 177 not running. Retrying (1/10)...
Action on container 172 failed: 500 CT 172 not running. Retrying (2/10)...
Action on container 149 failed: 500 CT 149 not running. Retrying (2/10)...
Action on container 168 failed: 500 CT 168 not running. Retrying (2/10)...
Action on container 182 failed: 500 CT 182 not running. Retrying (2/10)...
Action on container 182 failed: 500 CT 182 not running. Retrying (2/10)...
Action on container 113 failed: 500 CT 113 not running. Retrying (2/10)...
Action on container 209 failed: 500 CT 209 not running. Retrying (2/10)...
Action on container 167 failed: 500 CT 167 not running. Retrying (2/10)...
Action on container 210 failed: 500 CT 210 not running. Retrying (2/10)...
Action on container 109 failed: 500 CT 109 not running. Retrying (2/10)...
Action on container 215 failed: 500 CT 215 not running. Retrying (2/10)...
Action on container 123 failed: 500 CT 123 not running. Retrying (2/10)...
Action on container 179 failed: 500 CT 179 not running. Retrying (2/10)...
Action on container 177 failed: 500 CT 177 not running. Retrying (2/10)...
Action on container 172 failed: 500 CT 172 not running. Retrying (3/10)...
Action on container 149 failed: 500 CT 149 not running. Retrying (3/10)...
Action on container 168 failed: 500 CT 168 not running. Retrying (3/10)...
Action on container 182 failed: 500 CT 182 not running. Retrying (3/10)...
Action on container 182 failed: 500 CT 182 not running. Retrying (3/10)...
Action on container 113 failed: 500 CT 113 not running. Retrying (3/10)...
Action on container 209 failed: 500 CT 209 not running. Retrying (3/10)...
Action on container 167 failed: 500 CT 167 not running. Retrying (3/10)...
Action on container 109 failed: 500 CT 109 not running. Retrying (3/10)...
Action on container 210 failed: 500 CT 210 not running. Retrying (3/10)...
Action on container 215 failed: 500 CT 215 not running. Retrying (3/10)...
Action on container 179 failed: 500 CT 179 not running. Retrying (3/10)...
Action on container 123 failed: 500 CT 123 not running. Retrying (3/10)...
Action on container 177 failed: 500 CT 177 not running. Retrying (3/10)...
    pvect_test.go:458: failed to connect to container 204 via SSH w/ Retries: host not available on 10.224.254.244 within timeout
Action on container 204 failed: 500 CT 204 not running. Retrying (1/10)...
Action on container 172 failed: 500 CT 172 not running. Retrying (4/10)...
Action on container 149 failed: 500 CT 149 not running. Retrying (4/10)...
Action on container 168 failed: 500 CT 168 not running. Retrying (4/10)...
Action on container 113 failed: 500 CT 113 not running. Retrying (4/10)...
Action on container 182 failed: 500 CT 182 not running. Retrying (4/10)...
Action on container 182 failed: 500 CT 182 not running. Retrying (4/10)...
Action on container 209 failed: 500 CT 209 not running. Retrying (4/10)...
Action on container 167 failed: 500 CT 167 not running. Retrying (4/10)...
Action on container 109 failed: 500 CT 109 not running. Retrying (4/10)...
Action on container 210 failed: 500 CT 210 not running. Retrying (4/10)...
Action on container 215 failed: 500 CT 215 not running. Retrying (4/10)...
Action on container 123 failed: 500 CT 123 not running. Retrying (4/10)...
Action on container 179 failed: 500 CT 179 not running. Retrying (4/10)...
Action on container 204 failed: 500 CT 204 not running. Retrying (2/10)...
Action on container 177 failed: 500 CT 177 not running. Retrying (4/10)...
Action on container 204 failed: 500 CT 204 not running. Retrying (3/10)...
Action on container 172 failed: 500 CT 172 not running. Retrying (5/10)...
Action on container 149 failed: 500 CT 149 not running. Retrying (5/10)...
Action on container 168 failed: 500 CT 168 not running. Retrying (5/10)...
Action on container 113 failed: 500 CT 113 not running. Retrying (5/10)...
Action on container 182 failed: 500 CT 182 not running. Retrying (5/10)...
Action on container 182 failed: 500 CT 182 not running. Retrying (5/10)...
Action on container 209 failed: 500 CT 209 not running. Retrying (5/10)...
Action on container 167 failed: 500 CT 167 not running. Retrying (5/10)...
Action on container 109 failed: 500 CT 109 not running. Retrying (5/10)...
Action on container 210 failed: 500 CT 210 not running. Retrying (5/10)...
Action on container 215 failed: 500 CT 215 not running. Retrying (5/10)...
Action on container 179 failed: 500 CT 179 not running. Retrying (5/10)...
Action on container 123 failed: 500 CT 123 not running. Retrying (5/10)...
Action on container 177 failed: 500 CT 177 not running. Retrying (5/10)...
Action on container 204 failed: 500 CT 204 not running. Retrying (4/10)...
Action on container 172 failed: 500 CT 172 not running. Retrying (6/10)...
Action on container 149 failed: 500 CT 149 not running. Retrying (6/10)...
Action on container 168 failed: 500 CT 168 not running. Retrying (6/10)...
Action on container 182 failed: 500 CT 182 not running. Retrying (6/10)...
Action on container 182 failed: 500 CT 182 not running. Retrying (6/10)...
Action on container 113 failed: 500 CT 113 not running. Retrying (6/10)...
Action on container 209 failed: 500 CT 209 not running. Retrying (6/10)...
Action on container 167 failed: 500 CT 167 not running. Retrying (6/10)...
Action on container 210 failed: 500 CT 210 not running. Retrying (6/10)...
Action on container 109 failed: 500 CT 109 not running. Retrying (6/10)...
Action on container 215 failed: 500 CT 215 not running. Retrying (6/10)...
Action on container 179 failed: 500 CT 179 not running. Retrying (6/10)...
Action on container 123 failed: 500 CT 123 not running. Retrying (6/10)...
Action on container 177 failed: 500 CT 177 not running. Retrying (6/10)...
Action on container 204 failed: 500 CT 204 not running. Retrying (5/10)...
    pvect_test.go:458: failed to connect to container 170 via SSH w/ Retries: host not available on 10.224.254.140 within timeout
Action on container 170 failed: 500 CT 170 not running. Retrying (1/10)...
Action on container 204 failed: 500 CT 204 not running. Retrying (6/10)...
Action on container 172 failed: 500 CT 172 not running. Retrying (7/10)...
Action on container 149 failed: 500 CT 149 not running. Retrying (7/10)...
Action on container 168 failed: 500 CT 168 not running. Retrying (7/10)...
Action on container 182 failed: 500 CT 182 not running. Retrying (7/10)...
Action on container 182 failed: 500 CT 182 not running. Retrying (7/10)...
Action on container 113 failed: 500 CT 113 not running. Retrying (7/10)...
Action on container 209 failed: 500 CT 209 not running. Retrying (7/10)...
Action on container 167 failed: 500 CT 167 not running. Retrying (7/10)...
Action on container 210 failed: 500 CT 210 not running. Retrying (7/10)...
Action on container 109 failed: 500 CT 109 not running. Retrying (7/10)...
Action on container 215 failed: 500 CT 215 not running. Retrying (7/10)...
Action on container 179 failed: 500 CT 179 not running. Retrying (7/10)...
Action on container 123 failed: 500 CT 123 not running. Retrying (7/10)...
Action on container 170 failed: 500 CT 170 not running. Retrying (2/10)...
Action on container 177 failed: 500 CT 177 not running. Retrying (7/10)...
    pvect_test.go:458: failed to connect to container 139 via SSH w/ Retries: host not available on 10.224.254.74 within timeout
Action on container 139 failed: 500 CT 139 not running. Retrying (1/10)...
Action on container 170 failed: 500 CT 170 not running. Retrying (3/10)...
Action on container 139 failed: 500 CT 139 not running. Retrying (2/10)...
Action on container 139 failed: 500 CT 139 not running. Retrying (3/10)...
Action on container 204 failed: 500 CT 204 not running. Retrying (7/10)...
Action on container 170 failed: 500 CT 170 not running. Retrying (4/10)...
    pvect_test.go:458: failed to connect to container 122 via SSH w/ Retries: host not available on 10.224.254.19 within timeout
Action on container 122 failed: 500 CT 122 not running. Retrying (1/10)...
    pvect_test.go:458: failed to connect to container 120 via SSH w/ Retries: host not available on 10.224.254.17 within timeout
Action on container 120 failed: 500 CT 120 not running. Retrying (1/10)...
Action on container 172 failed: 500 CT 172 not running. Retrying (8/10)...
Action on container 149 failed: 500 CT 149 not running. Retrying (8/10)...
Action on container 168 failed: 500 CT 168 not running. Retrying (8/10)...
Action on container 182 failed: 500 CT 182 not running. Retrying (8/10)...
Action on container 182 failed: 500 CT 182 not running. Retrying (8/10)...
Action on container 113 failed: 500 CT 113 not running. Retrying (8/10)...
Action on container 209 failed: 500 CT 209 not running. Retrying (8/10)...
Action on container 122 failed: 500 CT 122 not running. Retrying (2/10)...
Action on container 120 failed: 500 CT 120 not running. Retrying (2/10)...
Action on container 167 failed: 500 CT 167 not running. Retrying (8/10)...
Action on container 109 failed: 500 CT 109 not running. Retrying (8/10)...
Action on container 210 failed: 500 CT 210 not running. Retrying (8/10)...
Action on container 215 failed: 500 CT 215 not running. Retrying (8/10)...
Action on container 179 failed: 500 CT 179 not running. Retrying (8/10)...
Action on container 123 failed: 500 CT 123 not running. Retrying (8/10)...
Action on container 177 failed: 500 CT 177 not running. Retrying (8/10)...
Action on container 139 failed: 500 CT 139 not running. Retrying (4/10)...
Action on container 120 failed: 500 CT 120 not running. Retrying (3/10)...
Action on container 122 failed: 500 CT 122 not running. Retrying (3/10)...
Action on container 170 failed: 500 CT 170 not running. Retrying (5/10)...
Action on container 139 failed: 500 CT 139 not running. Retrying (5/10)...
Action on container 120 failed: 500 CT 120 not running. Retrying (4/10)...
Action on container 122 failed: 500 CT 122 not running. Retrying (4/10)...
Action on container 204 failed: 500 CT 204 not running. Retrying (8/10)...
Action on container 172 failed: 500 CT 172 not running. Retrying (9/10)...
Action on container 170 failed: 500 CT 170 not running. Retrying (6/10)...
Action on container 149 failed: 500 CT 149 not running. Retrying (9/10)...
Action on container 168 failed: 500 CT 168 not running. Retrying (9/10)...
Action on container 182 failed: 500 CT 182 not running. Retrying (9/10)...
Action on container 182 failed: 500 CT 182 not running. Retrying (9/10)...
Action on container 113 failed: 500 CT 113 not running. Retrying (9/10)...
Action on container 209 failed: 500 CT 209 not running. Retrying (9/10)...
Action on container 167 failed: 500 CT 167 not running. Retrying (9/10)...
Action on container 210 failed: 500 CT 210 not running. Retrying (9/10)...
Action on container 109 failed: 500 CT 109 not running. Retrying (9/10)...
Action on container 215 failed: 500 CT 215 not running. Retrying (9/10)...
Action on container 179 failed: 500 CT 179 not running. Retrying (9/10)...
Action on container 123 failed: 500 CT 123 not running. Retrying (9/10)...
Action on container 177 failed: 500 CT 177 not running. Retrying (9/10)...
Action on container 122 failed: 500 CT 122 not running. Retrying (5/10)...
Action on container 120 failed: 500 CT 120 not running. Retrying (5/10)...
Action on container 139 failed: 500 CT 139 not running. Retrying (6/10)...
Action on container 204 failed: 500 CT 204 not running. Retrying (9/10)...
Action on container 170 failed: 500 CT 170 not running. Retrying (7/10)...
Action on container 122 failed: 500 CT 122 not running. Retrying (6/10)...
Action on container 120 failed: 500 CT 120 not running. Retrying (6/10)...
Action on container 139 failed: 500 CT 139 not running. Retrying (7/10)...
Action on container 172 failed: 500 CT 172 not running. Retrying (10/10)...
Action on container 149 failed: 500 CT 149 not running. Retrying (10/10)...
Action on container 168 failed: 500 CT 168 not running. Retrying (10/10)...
Action on container 182 failed: 500 CT 182 not running. Retrying (10/10)...
Action on container 182 failed: 500 CT 182 not running. Retrying (10/10)...
Action on container 113 failed: 500 CT 113 not running. Retrying (10/10)...
Action on container 209 failed: 500 CT 209 not running. Retrying (10/10)...
Action on container 167 failed: 500 CT 167 not running. Retrying (10/10)...
Action on container 109 failed: 500 CT 109 not running. Retrying (10/10)...
Action on container 210 failed: 500 CT 210 not running. Retrying (10/10)...
Action on container 215 failed: 500 CT 215 not running. Retrying (10/10)...
Action on container 179 failed: 500 CT 179 not running. Retrying (10/10)...
Action on container 123 failed: 500 CT 123 not running. Retrying (10/10)...
Action on container 177 failed: 500 CT 177 not running. Retrying (10/10)...
Action on container 122 failed: 500 CT 122 not running. Retrying (7/10)...
Action on container 120 failed: 500 CT 120 not running. Retrying (7/10)...
Action on container 170 failed: 500 CT 170 not running. Retrying (8/10)...
Action on container 204 failed: 500 CT 204 not running. Retrying (10/10)...
Action on container 139 failed: 500 CT 139 not running. Retrying (8/10)...
Action on container 172 failed: 500 CT 172 not running. Retrying (11/10)...
Action on container 149 failed: 500 CT 149 not running. Retrying (11/10)...
Action on container 168 failed: 500 CT 168 not running. Retrying (11/10)...
Action on container 182 failed: 500 CT 182 not running. Retrying (11/10)...
Action on container 182 failed: 500 CT 182 not running. Retrying (11/10)...
Action on container 113 failed: 500 CT 113 not running. Retrying (11/10)...
Action on container 209 failed: 500 CT 209 not running. Retrying (11/10)...
Action on container 167 failed: 500 CT 167 not running. Retrying (11/10)...
Action on container 120 failed: 500 CT 120 not running. Retrying (8/10)...
Action on container 122 failed: 500 CT 122 not running. Retrying (8/10)...
Action on container 109 failed: 500 CT 109 not running. Retrying (11/10)...
Action on container 210 failed: 500 CT 210 not running. Retrying (11/10)...
Action on container 215 failed: 500 CT 215 not running. Retrying (11/10)...
Action on container 179 failed: 500 CT 179 not running. Retrying (11/10)...
Action on container 177 failed: 500 CT 177 not running. Retrying (11/10)...
Action on container 123 failed: 500 CT 123 not running. Retrying (11/10)...
Action on container 170 failed: 500 CT 170 not running. Retrying (9/10)...
Action on container 139 failed: 500 CT 139 not running. Retrying (9/10)...
Action on container 204 failed: 500 CT 204 not running. Retrying (11/10)...
Action on container 122 failed: 500 CT 122 not running. Retrying (9/10)...
Action on container 120 failed: 500 CT 120 not running. Retrying (9/10)...
    pvect_test.go:458: failed to connect to container 227 via SSH w/ Retries: host not available on 10.224.254.75 within timeout
Action on container 227 failed: 500 CT 227 not running. Retrying (1/10)...
    pvect_test.go:458: failed to connect to container 142 via SSH w/ Retries: host not available on 10.224.254.170 within timeout
    pvect_test.go:447: failed to stop container 172: 500 CT 172 not running
Action on container 142 failed: 500 CT 142 not running. Retrying (1/10)...
Action on container 172 failed: 500 Configuration file 'nodes/tungsten/lxc/172.conf' does not exist. Retrying (1/10)...
Action on container 170 failed: 500 CT 170 not running. Retrying (10/10)...
    pvect_test.go:447: failed to stop container 149: 500 CT 149 not running
Action on container 149 failed: 500 Configuration file 'nodes/osmium/lxc/149.conf' does not exist. Retrying (1/10)...
    pvect_test.go:447: failed to stop container 168: 500 CT 168 not running
Action on container 168 failed: 500 Configuration file 'nodes/tungsten/lxc/168.conf' does not exist. Retrying (1/10)...
    pvect_test.go:447: failed to stop container 182: 500 CT 182 not running
    pvect_test.go:447: failed to stop container 182: 500 CT 182 not running
Action on container 182 failed: 500 Configuration file 'nodes/tungsten/lxc/182.conf' does not exist. Retrying (1/10)...
Action on container 182 failed: 500 Configuration file 'nodes/tungsten/lxc/182.conf' does not exist. Retrying (1/10)...
    pvect_test.go:447: failed to stop container 113: 500 CT 113 not running
    pvect_test.go:447: failed to stop container 209: 500 CT 209 not running
Action on container 209 failed: 500 Configuration file 'nodes/osmium/lxc/209.conf' does not exist. Retrying (1/10)...
    pvect_test.go:447: failed to stop container 167: 500 CT 167 not running
Action on container 167 failed: 500 Configuration file 'nodes/osmium/lxc/167.conf' does not exist. Retrying (1/10)...
    pvect_test.go:447: failed to stop container 109: 500 CT 109 not running
    pvect_test.go:447: failed to stop container 210: 500 CT 210 not running
Action on container 210 failed: 500 Configuration file 'nodes/tungsten/lxc/210.conf' does not exist. Retrying (1/10)...
    pvect_test.go:447: failed to stop container 215: 500 CT 215 not running
Action on container 215 failed: 500 Configuration file 'nodes/tungsten/lxc/215.conf' does not exist. Retrying (1/10)...
    pvect_test.go:447: failed to stop container 179: 500 CT 179 not running
Action on container 179 failed: 500 Configuration file 'nodes/osmium/lxc/179.conf' does not exist. Retrying (1/10)...
    pvect_test.go:447: failed to stop container 177: 500 CT 177 not running
    pvect_test.go:447: failed to stop container 123: 500 CT 123 not running
Action on container 177 failed: 500 Configuration file 'nodes/osmium/lxc/177.conf' does not exist. Retrying (1/10)...
Action on container 227 failed: 500 CT 227 not running. Retrying (2/10)...
Action on container 142 failed: 500 CT 142 not running. Retrying (2/10)...
Action on container 172 failed: 500 Configuration file 'nodes/tungsten/lxc/172.conf' does not exist. Retrying (2/10)...
Action on container 149 failed: 500 Configuration file 'nodes/osmium/lxc/149.conf' does not exist. Retrying (2/10)...
Action on container 168 failed: 500 Configuration file 'nodes/tungsten/lxc/168.conf' does not exist. Retrying (2/10)...
Action on container 182 failed: 500 Configuration file 'nodes/tungsten/lxc/182.conf' does not exist. Retrying (2/10)...
Action on container 182 failed: 500 Configuration file 'nodes/tungsten/lxc/182.conf' does not exist. Retrying (2/10)...
Action on container 209 failed: 500 Configuration file 'nodes/osmium/lxc/209.conf' does not exist. Retrying (2/10)...
Action on container 167 failed: 500 Configuration file 'nodes/osmium/lxc/167.conf' does not exist. Retrying (2/10)...
Action on container 210 failed: 500 Configuration file 'nodes/tungsten/lxc/210.conf' does not exist. Retrying (2/10)...
Action on container 215 failed: 500 Configuration file 'nodes/tungsten/lxc/215.conf' does not exist. Retrying (2/10)...
Action on container 179 failed: 500 Configuration file 'nodes/osmium/lxc/179.conf' does not exist. Retrying (2/10)...
Action on container 177 failed: 500 Configuration file 'nodes/osmium/lxc/177.conf' does not exist. Retrying (2/10)...
Action on container 139 failed: 500 CT 139 not running. Retrying (10/10)...
Action on container 227 failed: 500 CT 227 not running. Retrying (3/10)...
Action on container 142 failed: 500 CT 142 not running. Retrying (3/10)...
Action on container 172 failed: 500 Configuration file 'nodes/tungsten/lxc/172.conf' does not exist. Retrying (3/10)...
Action on container 149 failed: 500 Configuration file 'nodes/osmium/lxc/149.conf' does not exist. Retrying (3/10)...
Action on container 168 failed: 500 Configuration file 'nodes/tungsten/lxc/168.conf' does not exist. Retrying (3/10)...
Action on container 182 failed: 500 Configuration file 'nodes/tungsten/lxc/182.conf' does not exist. Retrying (3/10)...
Action on container 182 failed: 500 Configuration file 'nodes/tungsten/lxc/182.conf' does not exist. Retrying (3/10)...
Action on container 209 failed: 500 Configuration file 'nodes/osmium/lxc/209.conf' does not exist. Retrying (3/10)...
Action on container 167 failed: 500 Configuration file 'nodes/osmium/lxc/167.conf' does not exist. Retrying (3/10)...
Action on container 210 failed: 500 Configuration file 'nodes/tungsten/lxc/210.conf' does not exist. Retrying (3/10)...
Action on container 215 failed: 500 Configuration file 'nodes/tungsten/lxc/215.conf' does not exist. Retrying (3/10)...
Action on container 179 failed: 500 Configuration file 'nodes/osmium/lxc/179.conf' does not exist. Retrying (3/10)...
Action on container 177 failed: 500 Configuration file 'nodes/osmium/lxc/177.conf' does not exist. Retrying (3/10)...
    pvect_test.go:447: failed to stop container 204: 500 CT 204 not running
Action on container 227 failed: 500 CT 227 not running. Retrying (4/10)...
Action on container 142 failed: 500 CT 142 not running. Retrying (4/10)...
Action on container 172 failed: 500 Configuration file 'nodes/tungsten/lxc/172.conf' does not exist. Retrying (4/10)...
Action on container 149 failed: 500 Configuration file 'nodes/osmium/lxc/149.conf' does not exist. Retrying (4/10)...
Action on container 168 failed: 500 Configuration file 'nodes/tungsten/lxc/168.conf' does not exist. Retrying (4/10)...
Action on container 182 failed: 500 Configuration file 'nodes/tungsten/lxc/182.conf' does not exist. Retrying (4/10)...
Action on container 182 failed: 500 Configuration file 'nodes/tungsten/lxc/182.conf' does not exist. Retrying (4/10)...
Action on container 209 failed: 500 Configuration file 'nodes/osmium/lxc/209.conf' does not exist. Retrying (4/10)...
Action on container 167 failed: 500 Configuration file 'nodes/osmium/lxc/167.conf' does not exist. Retrying (4/10)...
Action on container 122 failed: 500 CT 122 not running. Retrying (10/10)...
Action on container 120 failed: 500 CT 120 not running. Retrying (10/10)...
Action on container 210 failed: 500 Configuration file 'nodes/tungsten/lxc/210.conf' does not exist. Retrying (4/10)...
Action on container 215 failed: 500 Configuration file 'nodes/tungsten/lxc/215.conf' does not exist. Retrying (4/10)...
Action on container 179 failed: 500 Configuration file 'nodes/osmium/lxc/179.conf' does not exist. Retrying (4/10)...
Action on container 177 failed: 500 Configuration file 'nodes/osmium/lxc/177.conf' does not exist. Retrying (4/10)...
Action on container 227 failed: 500 CT 227 not running. Retrying (5/10)...
Action on container 170 failed: 500 CT 170 not running. Retrying (11/10)...
Action on container 142 failed: 500 CT 142 not running. Retrying (5/10)...
Action on container 172 failed: 500 Configuration file 'nodes/tungsten/lxc/172.conf' does not exist. Retrying (5/10)...
Action on container 149 failed: 500 Configuration file 'nodes/osmium/lxc/149.conf' does not exist. Retrying (5/10)...
Action on container 168 failed: 500 Configuration file 'nodes/tungsten/lxc/168.conf' does not exist. Retrying (5/10)...
Action on container 182 failed: 500 Configuration file 'nodes/tungsten/lxc/182.conf' does not exist. Retrying (5/10)...
Action on container 182 failed: 500 Configuration file 'nodes/tungsten/lxc/182.conf' does not exist. Retrying (5/10)...
Action on container 209 failed: 500 Configuration file 'nodes/osmium/lxc/209.conf' does not exist. Retrying (5/10)...
Action on container 167 failed: 500 Configuration file 'nodes/osmium/lxc/167.conf' does not exist. Retrying (5/10)...
Action on container 210 failed: 500 Configuration file 'nodes/tungsten/lxc/210.conf' does not exist. Retrying (5/10)...
Action on container 215 failed: 500 Configuration file 'nodes/tungsten/lxc/215.conf' does not exist. Retrying (5/10)...
Action on container 179 failed: 500 Configuration file 'nodes/osmium/lxc/179.conf' does not exist. Retrying (5/10)...
Action on container 177 failed: 500 Configuration file 'nodes/osmium/lxc/177.conf' does not exist. Retrying (5/10)...
Action on container 139 failed: 500 CT 139 not running. Retrying (11/10)...
Action on container 227 failed: 500 CT 227 not running. Retrying (6/10)...
Action on container 172 failed: 500 Configuration file 'nodes/tungsten/lxc/172.conf' does not exist. Retrying (6/10)...
Action on container 142 failed: 500 CT 142 not running. Retrying (6/10)...
Action on container 149 failed: 500 Configuration file 'nodes/osmium/lxc/149.conf' does not exist. Retrying (6/10)...
Action on container 168 failed: 500 Configuration file 'nodes/tungsten/lxc/168.conf' does not exist. Retrying (6/10)...
Action on container 182 failed: 500 Configuration file 'nodes/tungsten/lxc/182.conf' does not exist. Retrying (6/10)...
Action on container 182 failed: 500 Configuration file 'nodes/tungsten/lxc/182.conf' does not exist. Retrying (6/10)...
Action on container 209 failed: 500 Configuration file 'nodes/osmium/lxc/209.conf' does not exist. Retrying (6/10)...
Action on container 167 failed: 500 Configuration file 'nodes/osmium/lxc/167.conf' does not exist. Retrying (6/10)...
Action on container 210 failed: 500 Configuration file 'nodes/tungsten/lxc/210.conf' does not exist. Retrying (6/10)...
Action on container 215 failed: 500 Configuration file 'nodes/tungsten/lxc/215.conf' does not exist. Retrying (6/10)...
Action on container 179 failed: 500 Configuration file 'nodes/osmium/lxc/179.conf' does not exist. Retrying (6/10)...
Action on container 177 failed: 500 Configuration file 'nodes/osmium/lxc/177.conf' does not exist. Retrying (6/10)...
Action on container 122 failed: 500 CT 122 not running. Retrying (11/10)...
Action on container 120 failed: 500 CT 120 not running. Retrying (11/10)...
    pvect_test.go:447: failed to stop container 170: 500 CT 170 not running
Action on container 170 failed: 500 Configuration file 'nodes/osmium/lxc/170.conf' does not exist. Retrying (1/10)...
Action on container 227 failed: 500 CT 227 not running. Retrying (7/10)...
Action on container 142 failed: 500 CT 142 not running. Retrying (7/10)...
Action on container 172 failed: 500 Configuration file 'nodes/tungsten/lxc/172.conf' does not exist. Retrying (7/10)...
Action on container 149 failed: 500 Configuration file 'nodes/osmium/lxc/149.conf' does not exist. Retrying (7/10)...
Action on container 168 failed: 500 Configuration file 'nodes/tungsten/lxc/168.conf' does not exist. Retrying (7/10)...
Action on container 182 failed: 500 Configuration file 'nodes/tungsten/lxc/182.conf' does not exist. Retrying (7/10)...
Action on container 182 failed: 500 Configuration file 'nodes/tungsten/lxc/182.conf' does not exist. Retrying (7/10)...
Action on container 209 failed: 500 Configuration file 'nodes/osmium/lxc/209.conf' does not exist. Retrying (7/10)...
Action on container 167 failed: 500 Configuration file 'nodes/osmium/lxc/167.conf' does not exist. Retrying (7/10)...
Action on container 210 failed: 500 Configuration file 'nodes/tungsten/lxc/210.conf' does not exist. Retrying (7/10)...
Action on container 215 failed: 500 Configuration file 'nodes/tungsten/lxc/215.conf' does not exist. Retrying (7/10)...
Action on container 179 failed: 500 Configuration file 'nodes/osmium/lxc/179.conf' does not exist. Retrying (7/10)...
Action on container 177 failed: 500 Configuration file 'nodes/osmium/lxc/177.conf' does not exist. Retrying (7/10)...
Action on container 170 failed: 500 Configuration file 'nodes/osmium/lxc/170.conf' does not exist. Retrying (2/10)...
    pvect_test.go:447: failed to stop container 139: 500 CT 139 not running
Action on container 139 failed: 500 Configuration file 'nodes/osmium/lxc/139.conf' does not exist. Retrying (1/10)...
Action on container 170 failed: 500 Configuration file 'nodes/osmium/lxc/170.conf' does not exist. Retrying (3/10)...
Action on container 139 failed: 500 Configuration file 'nodes/osmium/lxc/139.conf' does not exist. Retrying (2/10)...
Action on container 139 failed: 500 Configuration file 'nodes/osmium/lxc/139.conf' does not exist. Retrying (3/10)...
Action on container 170 failed: 500 Configuration file 'nodes/osmium/lxc/170.conf' does not exist. Retrying (4/10)...
    pvect_test.go:447: failed to stop container 122: 500 CT 122 not running
    pvect_test.go:447: failed to stop container 120: 500 CT 120 not running
Action on container 122 failed: 500 Configuration file 'nodes/tungsten/lxc/122.conf' does not exist. Retrying (1/10)...
Action on container 120 failed: 500 Configuration file 'nodes/tungsten/lxc/120.conf' does not exist. Retrying (1/10)...
Action on container 227 failed: 500 CT 227 not running. Retrying (8/10)...
Action on container 172 failed: 500 Configuration file 'nodes/tungsten/lxc/172.conf' does not exist. Retrying (8/10)...
Action on container 142 failed: 500 CT 142 not running. Retrying (8/10)...
Action on container 149 failed: 500 Configuration file 'nodes/osmium/lxc/149.conf' does not exist. Retrying (8/10)...
Action on container 168 failed: 500 Configuration file 'nodes/tungsten/lxc/168.conf' does not exist. Retrying (8/10)...
Action on container 182 failed: 500 Configuration file 'nodes/tungsten/lxc/182.conf' does not exist. Retrying (8/10)...
Action on container 182 failed: 500 Configuration file 'nodes/tungsten/lxc/182.conf' does not exist. Retrying (8/10)...
Action on container 209 failed: 500 Configuration file 'nodes/osmium/lxc/209.conf' does not exist. Retrying (8/10)...
Action on container 122 failed: 500 Configuration file 'nodes/tungsten/lxc/122.conf' does not exist. Retrying (2/10)...
Action on container 167 failed: 500 Configuration file 'nodes/osmium/lxc/167.conf' does not exist. Retrying (8/10)...
Action on container 120 failed: 500 Configuration file 'nodes/tungsten/lxc/120.conf' does not exist. Retrying (2/10)...
Action on container 210 failed: 500 Configuration file 'nodes/tungsten/lxc/210.conf' does not exist. Retrying (8/10)...
Action on container 215 failed: 500 Configuration file 'nodes/tungsten/lxc/215.conf' does not exist. Retrying (8/10)...
Action on container 179 failed: 500 Configuration file 'nodes/osmium/lxc/179.conf' does not exist. Retrying (8/10)...
Action on container 177 failed: 500 Configuration file 'nodes/osmium/lxc/177.conf' does not exist. Retrying (8/10)...
Action on container 139 failed: 500 Configuration file 'nodes/osmium/lxc/139.conf' does not exist. Retrying (4/10)...
Action on container 122 failed: 500 Configuration file 'nodes/tungsten/lxc/122.conf' does not exist. Retrying (3/10)...
Action on container 120 failed: 500 Configuration file 'nodes/tungsten/lxc/120.conf' does not exist. Retrying (3/10)...
Action on container 170 failed: 500 Configuration file 'nodes/osmium/lxc/170.conf' does not exist. Retrying (5/10)...
Action on container 139 failed: 500 Configuration file 'nodes/osmium/lxc/139.conf' does not exist. Retrying (5/10)...
Action on container 122 failed: 500 Configuration file 'nodes/tungsten/lxc/122.conf' does not exist. Retrying (4/10)...
Action on container 120 failed: 500 Configuration file 'nodes/tungsten/lxc/120.conf' does not exist. Retrying (4/10)...
Action on container 227 failed: 500 CT 227 not running. Retrying (9/10)...
Action on container 172 failed: 500 Configuration file 'nodes/tungsten/lxc/172.conf' does not exist. Retrying (9/10)...
Action on container 170 failed: 500 Configuration file 'nodes/osmium/lxc/170.conf' does not exist. Retrying (6/10)...
Action on container 142 failed: 500 CT 142 not running. Retrying (9/10)...
Action on container 149 failed: 500 Configuration file 'nodes/osmium/lxc/149.conf' does not exist. Retrying (9/10)...
Action on container 168 failed: 500 Configuration file 'nodes/tungsten/lxc/168.conf' does not exist. Retrying (9/10)...
Action on container 182 failed: 500 Configuration file 'nodes/tungsten/lxc/182.conf' does not exist. Retrying (9/10)...
Action on container 182 failed: 500 Configuration file 'nodes/tungsten/lxc/182.conf' does not exist. Retrying (9/10)...
Action on container 209 failed: 500 Configuration file 'nodes/osmium/lxc/209.conf' does not exist. Retrying (9/10)...
Action on container 167 failed: 500 Configuration file 'nodes/osmium/lxc/167.conf' does not exist. Retrying (9/10)...
Action on container 210 failed: 500 Configuration file 'nodes/tungsten/lxc/210.conf' does not exist. Retrying (9/10)...
Action on container 215 failed: 500 Configuration file 'nodes/tungsten/lxc/215.conf' does not exist. Retrying (9/10)...
Action on container 179 failed: 500 Configuration file 'nodes/osmium/lxc/179.conf' does not exist. Retrying (9/10)...
Action on container 177 failed: 500 Configuration file 'nodes/osmium/lxc/177.conf' does not exist. Retrying (9/10)...
Action on container 122 failed: 500 Configuration file 'nodes/tungsten/lxc/122.conf' does not exist. Retrying (5/10)...
Action on container 120 failed: 500 Configuration file 'nodes/tungsten/lxc/120.conf' does not exist. Retrying (5/10)...
Action on container 139 failed: 500 Configuration file 'nodes/osmium/lxc/139.conf' does not exist. Retrying (6/10)...
Action on container 170 failed: 500 Configuration file 'nodes/osmium/lxc/170.conf' does not exist. Retrying (7/10)...
Action on container 122 failed: 500 Configuration file 'nodes/tungsten/lxc/122.conf' does not exist. Retrying (6/10)...
Action on container 120 failed: 500 Configuration file 'nodes/tungsten/lxc/120.conf' does not exist. Retrying (6/10)...
Action on container 139 failed: 500 Configuration file 'nodes/osmium/lxc/139.conf' does not exist. Retrying (7/10)...
Action on container 227 failed: 500 CT 227 not running. Retrying (10/10)...
Action on container 172 failed: 500 Configuration file 'nodes/tungsten/lxc/172.conf' does not exist. Retrying (10/10)...
Action on container 142 failed: 500 CT 142 not running. Retrying (10/10)...
Action on container 149 failed: 500 Configuration file 'nodes/osmium/lxc/149.conf' does not exist. Retrying (10/10)...
Action on container 168 failed: 500 Configuration file 'nodes/tungsten/lxc/168.conf' does not exist. Retrying (10/10)...
Action on container 182 failed: 500 Configuration file 'nodes/tungsten/lxc/182.conf' does not exist. Retrying (10/10)...
Action on container 182 failed: 500 Configuration file 'nodes/tungsten/lxc/182.conf' does not exist. Retrying (10/10)...
Action on container 209 failed: 500 Configuration file 'nodes/osmium/lxc/209.conf' does not exist. Retrying (10/10)...
Action on container 167 failed: 500 Configuration file 'nodes/osmium/lxc/167.conf' does not exist. Retrying (10/10)...
Action on container 210 failed: 500 Configuration file 'nodes/tungsten/lxc/210.conf' does not exist. Retrying (10/10)...
Action on container 215 failed: 500 Configuration file 'nodes/tungsten/lxc/215.conf' does not exist. Retrying (10/10)...
Action on container 177 failed: 500 Configuration file 'nodes/osmium/lxc/177.conf' does not exist. Retrying (10/10)...
Action on container 179 failed: 500 Configuration file 'nodes/osmium/lxc/179.conf' does not exist. Retrying (10/10)...
Action on container 122 failed: 500 Configuration file 'nodes/tungsten/lxc/122.conf' does not exist. Retrying (7/10)...
Action on container 120 failed: 500 Configuration file 'nodes/tungsten/lxc/120.conf' does not exist. Retrying (7/10)...
Action on container 170 failed: 500 Configuration file 'nodes/osmium/lxc/170.conf' does not exist. Retrying (8/10)...
Action on container 139 failed: 500 Configuration file 'nodes/osmium/lxc/139.conf' does not exist. Retrying (8/10)...
Action on container 227 failed: 500 CT 227 not running. Retrying (11/10)...
Action on container 172 failed: 500 Configuration file 'nodes/tungsten/lxc/172.conf' does not exist. Retrying (11/10)...
Action on container 142 failed: 500 CT 142 not running. Retrying (11/10)...
Action on container 149 failed: 500 Configuration file 'nodes/osmium/lxc/149.conf' does not exist. Retrying (11/10)...
Action on container 168 failed: 500 Configuration file 'nodes/tungsten/lxc/168.conf' does not exist. Retrying (11/10)...
Action on container 182 failed: 500 Configuration file 'nodes/tungsten/lxc/182.conf' does not exist. Retrying (11/10)...
Action on container 182 failed: 500 Configuration file 'nodes/tungsten/lxc/182.conf' does not exist. Retrying (11/10)...
Action on container 209 failed: 500 Configuration file 'nodes/osmium/lxc/209.conf' does not exist. Retrying (11/10)...
Action on container 167 failed: 500 Configuration file 'nodes/osmium/lxc/167.conf' does not exist. Retrying (11/10)...
Action on container 122 failed: 500 Configuration file 'nodes/tungsten/lxc/122.conf' does not exist. Retrying (8/10)...
Action on container 210 failed: 500 Configuration file 'nodes/tungsten/lxc/210.conf' does not exist. Retrying (11/10)...
Action on container 120 failed: 500 Configuration file 'nodes/tungsten/lxc/120.conf' does not exist. Retrying (8/10)...
Action on container 215 failed: 500 Configuration file 'nodes/tungsten/lxc/215.conf' does not exist. Retrying (11/10)...
Action on container 177 failed: 500 Configuration file 'nodes/osmium/lxc/177.conf' does not exist. Retrying (11/10)...
Action on container 179 failed: 500 Configuration file 'nodes/osmium/lxc/179.conf' does not exist. Retrying (11/10)...
Action on container 170 failed: 500 Configuration file 'nodes/osmium/lxc/170.conf' does not exist. Retrying (9/10)...
Action on container 139 failed: 500 Configuration file 'nodes/osmium/lxc/139.conf' does not exist. Retrying (9/10)...
Action on container 122 failed: 500 Configuration file 'nodes/tungsten/lxc/122.conf' does not exist. Retrying (9/10)...
Action on container 120 failed: 500 Configuration file 'nodes/tungsten/lxc/120.conf' does not exist. Retrying (9/10)...
    pvect_test.go:447: failed to stop container 227: 500 CT 227 not running
Action on container 227 failed: 500 Configuration file 'nodes/tungsten/lxc/227.conf' does not exist. Retrying (1/10)...
    pvect_test.go:451: failed to delete container 172: 500 Configuration file 'nodes/tungsten/lxc/172.conf' does not exist
    pvect_test.go:447: failed to stop container 142: 500 CT 142 not running
Action on container 142 failed: 500 Configuration file 'nodes/osmium/lxc/142.conf' does not exist. Retrying (1/10)...
Action on container 170 failed: 500 Configuration file 'nodes/osmium/lxc/170.conf' does not exist. Retrying (10/10)...
    pvect_test.go:451: failed to delete container 149: 500 Configuration file 'nodes/osmium/lxc/149.conf' does not exist
    pvect_test.go:451: failed to delete container 168: 500 Configuration file 'nodes/tungsten/lxc/168.conf' does not exist
    pvect_test.go:451: failed to delete container 182: 500 Configuration file 'nodes/tungsten/lxc/182.conf' does not exist
    pvect_test.go:451: failed to delete container 182: 500 Configuration file 'nodes/tungsten/lxc/182.conf' does not exist
    pvect_test.go:451: failed to delete container 209: 500 Configuration file 'nodes/osmium/lxc/209.conf' does not exist
    pvect_test.go:451: failed to delete container 167: 500 Configuration file 'nodes/osmium/lxc/167.conf' does not exist
    pvect_test.go:451: failed to delete container 210: 500 Configuration file 'nodes/tungsten/lxc/210.conf' does not exist
    pvect_test.go:451: failed to delete container 215: 500 Configuration file 'nodes/tungsten/lxc/215.conf' does not exist
    pvect_test.go:451: failed to delete container 177: 500 Configuration file 'nodes/osmium/lxc/177.conf' does not exist
    pvect_test.go:451: failed to delete container 179: 500 Configuration file 'nodes/osmium/lxc/179.conf' does not exist
Action on container 227 failed: 500 Configuration file 'nodes/tungsten/lxc/227.conf' does not exist. Retrying (2/10)...
Action on container 142 failed: 500 Configuration file 'nodes/osmium/lxc/142.conf' does not exist. Retrying (2/10)...
Action on container 139 failed: 500 Configuration file 'nodes/osmium/lxc/139.conf' does not exist. Retrying (10/10)...
Action on container 227 failed: 500 Configuration file 'nodes/tungsten/lxc/227.conf' does not exist. Retrying (3/10)...
Action on container 142 failed: 500 Configuration file 'nodes/osmium/lxc/142.conf' does not exist. Retrying (3/10)...
Action on container 227 failed: 500 Configuration file 'nodes/tungsten/lxc/227.conf' does not exist. Retrying (4/10)...
Action on container 142 failed: 500 Configuration file 'nodes/osmium/lxc/142.conf' does not exist. Retrying (4/10)...
Action on container 122 failed: 500 Configuration file 'nodes/tungsten/lxc/122.conf' does not exist. Retrying (10/10)...
Action on container 120 failed: 500 Configuration file 'nodes/tungsten/lxc/120.conf' does not exist. Retrying (10/10)...
Action on container 227 failed: 500 Configuration file 'nodes/tungsten/lxc/227.conf' does not exist. Retrying (5/10)...
Action on container 170 failed: 500 Configuration file 'nodes/osmium/lxc/170.conf' does not exist. Retrying (11/10)...
Action on container 142 failed: 500 Configuration file 'nodes/osmium/lxc/142.conf' does not exist. Retrying (5/10)...
Action on container 139 failed: 500 Configuration file 'nodes/osmium/lxc/139.conf' does not exist. Retrying (11/10)...
Action on container 227 failed: 500 Configuration file 'nodes/tungsten/lxc/227.conf' does not exist. Retrying (6/10)...
Action on container 142 failed: 500 Configuration file 'nodes/osmium/lxc/142.conf' does not exist. Retrying (6/10)...
Action on container 122 failed: 500 Configuration file 'nodes/tungsten/lxc/122.conf' does not exist. Retrying (11/10)...
Action on container 120 failed: 500 Configuration file 'nodes/tungsten/lxc/120.conf' does not exist. Retrying (11/10)...
    pvect_test.go:451: failed to delete container 170: 500 Configuration file 'nodes/osmium/lxc/170.conf' does not exist
Action on container 227 failed: 500 Configuration file 'nodes/tungsten/lxc/227.conf' does not exist. Retrying (7/10)...
Action on container 142 failed: 500 Configuration file 'nodes/osmium/lxc/142.conf' does not exist. Retrying (7/10)...
    pvect_test.go:451: failed to delete container 139: 500 Configuration file 'nodes/osmium/lxc/139.conf' does not exist
    pvect_test.go:451: failed to delete container 122: 500 Configuration file 'nodes/tungsten/lxc/122.conf' does not exist
    pvect_test.go:451: failed to delete container 120: 500 Configuration file 'nodes/tungsten/lxc/120.conf' does not exist
Action on container 227 failed: 500 Configuration file 'nodes/tungsten/lxc/227.conf' does not exist. Retrying (8/10)...
Action on container 142 failed: 500 Configuration file 'nodes/osmium/lxc/142.conf' does not exist. Retrying (8/10)...
Action on container 227 failed: 500 Configuration file 'nodes/tungsten/lxc/227.conf' does not exist. Retrying (9/10)...
Action on container 142 failed: 500 Configuration file 'nodes/osmium/lxc/142.conf' does not exist. Retrying (9/10)...
Action on container 227 failed: 500 Configuration file 'nodes/tungsten/lxc/227.conf' does not exist. Retrying (10/10)...
Action on container 142 failed: 500 Configuration file 'nodes/osmium/lxc/142.conf' does not exist. Retrying (10/10)...
Action on container 227 failed: 500 Configuration file 'nodes/tungsten/lxc/227.conf' does not exist. Retrying (11/10)...
Action on container 142 failed: 500 Configuration file 'nodes/osmium/lxc/142.conf' does not exist. Retrying (11/10)...
    pvect_test.go:451: failed to delete container 227: 500 Configuration file 'nodes/tungsten/lxc/227.conf' does not exist
    pvect_test.go:451: failed to delete container 142: 500 Configuration file 'nodes/osmium/lxc/142.conf' does not exist
--- FAIL: TestMassCTLifecycle (590.09s)
FAIL
FAIL	github.com/UNHCSC/pve-koth/tests	590.102s
FAIL
